"../../../Engine/Content/EditorResources/S_Actor.ubulk" 0
"../../../Engine/Content/EditorResources/S_Actor.uasset" 1
"../../../Engine/Content/EditorResources/S_Actor.uexp" 2
"../../../Engine/Content/EditorResources/S_BoxReflectionCapture.uasset" 3
"../../../Engine/Content/EditorResources/S_BoxReflectionCapture.uexp" 4
"../../../Engine/Content/EngineResources/DefaultTexture.ubulk" 5
"../../../Engine/Content/EngineResources/DefaultTexture.uasset" 6
"../../../Engine/Content/EngineResources/DefaultTexture.uexp" 7
"../../../Engine/Content/EngineResources/DefaultTextureCube.uasset" 8
"../../../Engine/Content/EngineResources/DefaultTextureCube.uexp" 9
"../../../Engine/Content/EngineResources/DefaultVolumeTexture2D.uasset" 10
"../../../Engine/Content/EngineResources/DefaultVolumeTexture2D.uexp" 11
"../../../Engine/Content/EngineResources/DefaultVolumeTexture.uasset" 12
"../../../Engine/Content/EngineResources/DefaultVolumeTexture.uexp" 13
"../../../Engine/Content/EditorResources/S_Trigger.ubulk" 14
"../../../Engine/Content/EditorResources/S_Trigger.uasset" 15
"../../../Engine/Content/EditorResources/S_Trigger.uexp" 16
"../../../Engine/Content/EditorResources/S_TriggerBox.uasset" 17
"../../../Engine/Content/EditorResources/S_TriggerBox.uexp" 18
"../../../Engine/Content/EditorResources/S_TriggerCapsule.uasset" 19
"../../../Engine/Content/EditorResources/S_TriggerCapsule.uexp" 20
"../../../Engine/Content/EditorResources/S_TriggerSphere.uasset" 21
"../../../Engine/Content/EditorResources/S_TriggerSphere.uexp" 22
"../../../Engine/Content/EngineMeshes/Sphere.ubulk" 23
"../../../Engine/Content/EngineMeshes/Sphere.uasset" 24
"../../../Engine/Content/EngineMeshes/Sphere.uexp" 25
"../../../Engine/Content/EngineResources/GradientTexture0.uasset" 26
"../../../Engine/Content/EngineResources/GradientTexture0.uexp" 27
"../../../Engine/Content/EngineResources/Black.uasset" 28
"../../../Engine/Content/EngineResources/Black.uexp" 29
"../../../Engine/Content/VREditor/LaserPointer/VR_LaserPower_01.ubulk" 30
"../../../Engine/Content/VREditor/LaserPointer/VR_LaserPower_01.uasset" 31
"../../../Engine/Content/VREditor/LaserPointer/VR_LaserPower_01.uexp" 32
"../../../Engine/Content/VREditor/TransformGizmo/TransformGizmoMaterial.uasset" 33
"../../../Engine/Content/VREditor/TransformGizmo/TransformGizmoMaterial.uexp" 34
"../../../Engine/Content/VREditor/TransformGizmo/TranslucentTransformGizmoMaterial.uasset" 35
"../../../Engine/Content/VREditor/TransformGizmo/TranslucentTransformGizmoMaterial.uexp" 36
"../../../Engine/Content/VREditor/TransformGizmo/BoundingBoxCorner.ubulk" 37
"../../../Engine/Content/VREditor/TransformGizmo/BoundingBoxCorner.uasset" 38
"../../../Engine/Content/VREditor/TransformGizmo/BoundingBoxCorner.uexp" 39
"../../../Engine/Content/VREditor/TransformGizmo/BoundingBoxEdge.ubulk" 40
"../../../Engine/Content/VREditor/TransformGizmo/BoundingBoxEdge.uasset" 41
"../../../Engine/Content/VREditor/TransformGizmo/BoundingBoxEdge.uexp" 42
"../../../Engine/Content/VREditor/TransformGizmo/Main.uasset" 43
"../../../Engine/Content/VREditor/TransformGizmo/Main.uexp" 44
"../../../Engine/Content/VREditor/TransformGizmo/Xray.uasset" 45
"../../../Engine/Content/VREditor/TransformGizmo/Xray.uexp" 46
"../../../Engine/Content/VREditor/TransformGizmo/SM_Sequencer_Node.ubulk" 47
"../../../Engine/Content/VREditor/TransformGizmo/SM_Sequencer_Node.uasset" 48
"../../../Engine/Content/VREditor/TransformGizmo/SM_Sequencer_Node.uexp" 49
"../../../Engine/Content/EditorResources/S_Solver.ubulk" 50
"../../../Engine/Content/EditorResources/S_Solver.uasset" 51
"../../../Engine/Content/EditorResources/S_Solver.uexp" 52
"../../../Engine/Content/EditorMaterials/Camera/CineMat.uasset" 53
"../../../Engine/Content/EditorMaterials/Camera/CineMat.uexp" 54
"../../../Engine/Content/EditorMaterials/Camera/MI_CineMat_Rig.uasset" 55
"../../../Engine/Content/EditorMaterials/Camera/MI_CineMat_Rig.uexp" 56
"../../../Engine/Content/EditorMeshes/Camera/SM_CraneRig_Base.ubulk" 57
"../../../Engine/Content/EditorMeshes/Camera/SM_CraneRig_Base.uasset" 58
"../../../Engine/Content/EditorMeshes/Camera/SM_CraneRig_Base.uexp" 59
"../../../Engine/Content/EditorMeshes/Camera/SM_CraneRig_Arm.ubulk" 60
"../../../Engine/Content/EditorMeshes/Camera/SM_CraneRig_Arm.uasset" 61
"../../../Engine/Content/EditorMeshes/Camera/SM_CraneRig_Arm.uexp" 62
"../../../Engine/Content/EditorMeshes/Camera/SM_CraneRig_Mount.ubulk" 63
"../../../Engine/Content/EditorMeshes/Camera/SM_CraneRig_Mount.uasset" 64
"../../../Engine/Content/EditorMeshes/Camera/SM_CraneRig_Mount.uexp" 65
"../../../Engine/Content/EditorMeshes/Camera/SM_CraneRig_Body.ubulk" 66
"../../../Engine/Content/EditorMeshes/Camera/SM_CraneRig_Body.uasset" 67
"../../../Engine/Content/EditorMeshes/Camera/SM_CraneRig_Body.uexp" 68
"../../../Engine/Content/EditorMeshes/Camera/SM_RailRig_Track.ubulk" 69
"../../../Engine/Content/EditorMeshes/Camera/SM_RailRig_Track.uasset" 70
"../../../Engine/Content/EditorMeshes/Camera/SM_RailRig_Track.uexp" 71
"../../../Engine/Content/EditorMeshes/Camera/SM_RailRig_Mount.ubulk" 72
"../../../Engine/Content/EditorMeshes/Camera/SM_RailRig_Mount.uasset" 73
"../../../Engine/Content/EditorMeshes/Camera/SM_RailRig_Mount.uexp" 74
"../../../Engine/Content/EngineMaterials/T_Default_Material_Grid_M.ubulk" 75
"../../../Engine/Content/EngineMaterials/T_Default_Material_Grid_M.uasset" 76
"../../../Engine/Content/EngineMaterials/T_Default_Material_Grid_M.uexp" 77
"../../../Engine/Content/EngineMaterials/T_Default_Material_Grid_N.ubulk" 78
"../../../Engine/Content/EngineMaterials/T_Default_Material_Grid_N.uasset" 79
"../../../Engine/Content/EngineMaterials/T_Default_Material_Grid_N.uexp" 80
"../../../Engine/Content/Functions/Engine_MaterialFunctions01/Opacity/CameraDepthFade.uasset" 81
"../../../Engine/Content/Functions/Engine_MaterialFunctions01/Opacity/CameraDepthFade.uexp" 82
"../../../Engine/Content/EngineMaterials/WorldGridMaterial.uasset" 83
"../../../Engine/Content/EngineMaterials/WorldGridMaterial.uexp" 84
"../../../Engine/Content/ArtTools/RenderToTexture/Meshes/S_1_Unit_Plane.ubulk" 85
"../../../Engine/Content/ArtTools/RenderToTexture/Meshes/S_1_Unit_Plane.uasset" 86
"../../../Engine/Content/ArtTools/RenderToTexture/Meshes/S_1_Unit_Plane.uexp" 87
"../../../Engine/Content/EditorMaterials/ParticleSystems/PSysThumbnail_NoImage.ubulk" 88
"../../../Engine/Content/EditorMaterials/ParticleSystems/PSysThumbnail_NoImage.uasset" 89
"../../../Engine/Content/EditorMaterials/ParticleSystems/PSysThumbnail_NoImage.uexp" 90
"../../../Engine/Content/EditorMaterials/ParticleSystems/PSysThumbnail_OOD.ubulk" 91
"../../../Engine/Content/EditorMaterials/ParticleSystems/PSysThumbnail_OOD.uasset" 92
"../../../Engine/Content/EditorMaterials/ParticleSystems/PSysThumbnail_OOD.uexp" 93
"../../../Engine/Content/EditorLandscapeResources/SplineEditorMeshMat.uasset" 94
"../../../Engine/Content/EditorLandscapeResources/SplineEditorMeshMat.uexp" 95
"../../../Engine/Content/EditorLandscapeResources/SplineEditorMesh.ubulk" 96
"../../../Engine/Content/EditorLandscapeResources/SplineEditorMesh.uasset" 97
"../../../Engine/Content/EditorLandscapeResources/SplineEditorMesh.uexp" 98
"../../../Engine/Plugins/Media/MediaPlate/Content/SM_MediaPlateScreen.ubulk" 99
"../../../Engine/Plugins/Media/MediaPlate/Content/SM_MediaPlateScreen.uasset" 100
"../../../Engine/Plugins/Media/MediaPlate/Content/SM_MediaPlateScreen.uexp" 101
"../../../Engine/Content/EngineMaterials/DefaultBokeh.uasset" 102
"../../../Engine/Content/EngineMaterials/DefaultBokeh.uexp" 103
"../../../Engine/Content/EngineMaterials/MiniFont.uasset" 104
"../../../Engine/Content/EngineMaterials/MiniFont.uexp" 105
"../../../Engine/Content/EngineMaterials/WeightMapPlaceholderTexture.uasset" 106
"../../../Engine/Content/EngineMaterials/WeightMapPlaceholderTexture.uexp" 107
"../../../Engine/Content/EngineMaterials/WeightMapArrayPlaceholderTexture.uasset" 108
"../../../Engine/Content/EngineMaterials/WeightMapArrayPlaceholderTexture.uexp" 109
"../../../Engine/Content/EngineMaterials/DefaultWhiteGrid.ubulk" 110
"../../../Engine/Content/EngineMaterials/DefaultWhiteGrid.uasset" 111
"../../../Engine/Content/EngineMaterials/DefaultWhiteGrid.uexp" 112
"../../../Engine/Content/EngineMaterials/PreintegratedSkinBRDF.uasset" 113
"../../../Engine/Content/EngineMaterials/PreintegratedSkinBRDF.uexp" 114
"../../../Engine/Content/Functions/Engine_MaterialFunctions02/WorldPositionOffset/CameraOffset.uasset" 115
"../../../Engine/Content/Functions/Engine_MaterialFunctions02/WorldPositionOffset/CameraOffset.uexp" 116
"../../../Engine/Plugins/Animation/ControlRig/Content/M_Manip.uasset" 117
"../../../Engine/Plugins/Animation/ControlRig/Content/M_Manip.uexp" 118
"../../../Engine/Plugins/Animation/ACLPlugin/Content/ACLAnimCurveCompressionSettings.uasset" 119
"../../../Engine/Plugins/Animation/ACLPlugin/Content/ACLAnimCurveCompressionSettings.uexp" 120
"../../../Engine/Plugins/Animation/ACLPlugin/Content/ACLAnimBoneCompressionSettings.uasset" 121
"../../../Engine/Plugins/Animation/ACLPlugin/Content/ACLAnimBoneCompressionSettings.uexp" 122
"../../../Engine/Plugins/2D/Paper2D/Content/PlaceholderTextures/DummySpriteTexture.ubulk" 123
"../../../Engine/Plugins/2D/Paper2D/Content/PlaceholderTextures/DummySpriteTexture.uasset" 124
"../../../Engine/Plugins/2D/Paper2D/Content/PlaceholderTextures/DummySpriteTexture.uexp" 125
"../../../Engine/Plugins/2D/Paper2D/Content/DefaultSpriteMaterial.uasset" 126
"../../../Engine/Plugins/2D/Paper2D/Content/DefaultSpriteMaterial.uexp" 127
"../../../Engine/Plugins/2D/Paper2D/Content/OpaqueUnlitSpriteMaterial.uasset" 128
"../../../Engine/Plugins/2D/Paper2D/Content/OpaqueUnlitSpriteMaterial.uexp" 129
"../../../Engine/Plugins/2D/Paper2D/Content/MaskedUnlitSpriteMaterial.uasset" 130
"../../../Engine/Plugins/2D/Paper2D/Content/MaskedUnlitSpriteMaterial.uexp" 131
"../../../Engine/Plugins/2D/Paper2D/Content/DummySprite.uasset" 132
"../../../Engine/Plugins/2D/Paper2D/Content/DummySprite.uexp" 133
"../../../Engine/Plugins/2D/Paper2D/Content/DefaultPaperTerrainMaterial.uasset" 134
"../../../Engine/Plugins/2D/Paper2D/Content/DefaultPaperTerrainMaterial.uexp" 135
"../../../Engine/Content/EngineSounds/Master.uasset" 136
"../../../Engine/Content/EngineSounds/Master.uexp" 137
"../../../Engine/Plugins/Runtime/MeshModelingToolset/Content/Materials/M_DynamicMeshComponentVtxColor.uasset" 138
"../../../Engine/Plugins/Runtime/MeshModelingToolset/Content/Materials/M_DynamicMeshComponentVtxColor.uexp" 139
"../../../Engine/Plugins/Interchange/Runtime/Content/Pipelines/DefaultTexturePipeline.uasset" 140
"../../../Engine/Plugins/Interchange/Runtime/Content/Pipelines/DefaultTexturePipeline.uexp" 141
"../../../Engine/Plugins/Interchange/Runtime/Content/Pipelines/DefaultSceneLevelPipeline.uasset" 142
"../../../Engine/Plugins/Interchange/Runtime/Content/Pipelines/DefaultSceneLevelPipeline.uexp" 143
"../../../Engine/Plugins/Interchange/Runtime/Content/Pipelines/DefaultSceneAssetsPipeline.uasset" 144
"../../../Engine/Plugins/Interchange/Runtime/Content/Pipelines/DefaultSceneAssetsPipeline.uexp" 145
"../../../Engine/Plugins/Interchange/Runtime/Content/Pipelines/DefaultMaterialXPipeline.uasset" 146
"../../../Engine/Plugins/Interchange/Runtime/Content/Pipelines/DefaultMaterialXPipeline.uexp" 147
"../../../Engine/Plugins/Interchange/Runtime/Content/Pipelines/DefaultMaterialPipeline.uasset" 148
"../../../Engine/Plugins/Interchange/Runtime/Content/Pipelines/DefaultMaterialPipeline.uexp" 149
"../../../Engine/Plugins/Interchange/Runtime/Content/Pipelines/DefaultGLTFSceneAssetsPipeline.uasset" 150
"../../../Engine/Plugins/Interchange/Runtime/Content/Pipelines/DefaultGLTFSceneAssetsPipeline.uexp" 151
"../../../Engine/Plugins/Interchange/Runtime/Content/Pipelines/DefaultGLTFPipeline.uasset" 152
"../../../Engine/Plugins/Interchange/Runtime/Content/Pipelines/DefaultGLTFPipeline.uexp" 153
"../../../Engine/Plugins/Interchange/Runtime/Content/Pipelines/DefaultGLTFAssetsPipeline.uasset" 154
"../../../Engine/Plugins/Interchange/Runtime/Content/Pipelines/DefaultGLTFAssetsPipeline.uexp" 155
"../../../Engine/Plugins/Interchange/Runtime/Content/Pipelines/DefaultAssetsPipeline.uasset" 156
"../../../Engine/Plugins/Interchange/Runtime/Content/Pipelines/DefaultAssetsPipeline.uexp" 157
"../../../Engine/Plugins/Interchange/Runtime/Content/gltf/MaterialFunctions/MF_RotateV2.uasset" 158
"../../../Engine/Plugins/Interchange/Runtime/Content/gltf/MaterialFunctions/MF_RotateV2.uexp" 159
"../../../Engine/Plugins/Interchange/Runtime/Content/gltf/MaterialFunctions/MF_TransformUVs.uasset" 160
"../../../Engine/Plugins/Interchange/Runtime/Content/gltf/MaterialFunctions/MF_TransformUVs.uexp" 161
"../../../Engine/Plugins/Interchange/Runtime/Content/gltf/Textures/T_White_srgb.uasset" 162
"../../../Engine/Plugins/Interchange/Runtime/Content/gltf/Textures/T_White_srgb.uexp" 163
"../../../Engine/Plugins/Interchange/Runtime/Content/gltf/MaterialFunctions/MF_BaseColor.uasset" 164
"../../../Engine/Plugins/Interchange/Runtime/Content/gltf/MaterialFunctions/MF_BaseColor.uexp" 165
"../../../Engine/Plugins/Interchange/Runtime/Content/gltf/MaterialBodies/MF_Unlit_Body.uasset" 166
"../../../Engine/Plugins/Interchange/Runtime/Content/gltf/MaterialBodies/MF_Unlit_Body.uexp" 167
"../../../Engine/Plugins/Interchange/Runtime/Content/gltf/M_Unlit.uasset" 168
"../../../Engine/Plugins/Interchange/Runtime/Content/gltf/M_Unlit.uexp" 169
"../../../Engine/Plugins/Interchange/Runtime/Content/gltf/MaterialInstances/MI_Unlit_Opaque_DS.uasset" 170
"../../../Engine/Plugins/Interchange/Runtime/Content/gltf/MaterialInstances/MI_Unlit_Opaque_DS.uexp" 171
"../../../Engine/Plugins/Interchange/Runtime/Content/gltf/MaterialInstances/MI_Unlit_Opaque.uasset" 172
"../../../Engine/Plugins/Interchange/Runtime/Content/gltf/MaterialInstances/MI_Unlit_Opaque.uexp" 173
"../../../Engine/Plugins/Interchange/Runtime/Content/gltf/MaterialInstances/MI_Unlit_Mask_DS.uasset" 174
"../../../Engine/Plugins/Interchange/Runtime/Content/gltf/MaterialInstances/MI_Unlit_Mask_DS.uexp" 175
"../../../Engine/Plugins/Interchange/Runtime/Content/gltf/MaterialInstances/MI_Unlit_Mask.uasset" 176
"../../../Engine/Plugins/Interchange/Runtime/Content/gltf/MaterialInstances/MI_Unlit_Mask.uexp" 177
"../../../Engine/Plugins/Interchange/Runtime/Content/gltf/MaterialInstances/MI_Unlit_Blend_DS.uasset" 178
"../../../Engine/Plugins/Interchange/Runtime/Content/gltf/MaterialInstances/MI_Unlit_Blend_DS.uexp" 179
"../../../Engine/Plugins/Interchange/Runtime/Content/gltf/MaterialInstances/MI_Unlit_Blend.uasset" 180
"../../../Engine/Plugins/Interchange/Runtime/Content/gltf/MaterialInstances/MI_Unlit_Blend.uexp" 181
"../../../Engine/Content/Functions/Engine_MaterialFunctions02/Utility/BreakOutFloat3Components.uasset" 182
"../../../Engine/Content/Functions/Engine_MaterialFunctions02/Utility/BreakOutFloat3Components.uexp" 183
"../../../Engine/Content/Functions/Engine_MaterialFunctions02/Math/Transform3x3Matrix.uasset" 184
"../../../Engine/Content/Functions/Engine_MaterialFunctions02/Math/Transform3x3Matrix.uexp" 185
"../../../Engine/Content/Functions/Engine_MaterialFunctions02/Utility/CameraDirectionVector.uasset" 186
"../../../Engine/Content/Functions/Engine_MaterialFunctions02/Utility/CameraDirectionVector.uexp" 187
"../../../Engine/Plugins/Interchange/Runtime/Content/Utilities/New_LUT.uasset" 188
"../../../Engine/Plugins/Interchange/Runtime/Content/Utilities/New_LUT.uexp" 189
"../../../Engine/Content/Functions/Engine_MaterialFunctions03/Math/RemapValueRange.uasset" 190
"../../../Engine/Content/Functions/Engine_MaterialFunctions03/Math/RemapValueRange.uexp" 191
"../../../Engine/Plugins/Interchange/Runtime/Content/Functions/MF_Iridescence.uasset" 192
"../../../Engine/Plugins/Interchange/Runtime/Content/Functions/MF_Iridescence.uexp" 193
"../../../Engine/Plugins/Interchange/Runtime/Content/gltf/MaterialFunctions/MF_Iridescence.uasset" 194
"../../../Engine/Plugins/Interchange/Runtime/Content/gltf/MaterialFunctions/MF_Iridescence.uexp" 195
"../../../Engine/Plugins/Interchange/Runtime/Content/gltf/Textures/T_White_Linear.uasset" 196
"../../../Engine/Plugins/Interchange/Runtime/Content/gltf/Textures/T_White_Linear.uexp" 197
"../../../Engine/Plugins/Interchange/Runtime/Content/gltf/MaterialFunctions/MF_MetallicRoughness.uasset" 198
"../../../Engine/Plugins/Interchange/Runtime/Content/gltf/MaterialFunctions/MF_MetallicRoughness.uexp" 199
"../../../Engine/Plugins/Interchange/Runtime/Content/gltf/MaterialFunctions/MF_Transmission.uasset" 200
"../../../Engine/Plugins/Interchange/Runtime/Content/gltf/MaterialFunctions/MF_Transmission.uexp" 201
"../../../Engine/Plugins/Interchange/Runtime/Content/gltf/MaterialFunctions/MF_Occlusion.uasset" 202
"../../../Engine/Plugins/Interchange/Runtime/Content/gltf/MaterialFunctions/MF_Occlusion.uexp" 203
"../../../Engine/Content/EngineMaterials/Good64x64TilingNoiseHighFreq.uasset" 204
"../../../Engine/Content/EngineMaterials/Good64x64TilingNoiseHighFreq.uexp" 205
"../../../Engine/Content/Functions/Engine_MaterialFunctions02/Texturing/ScreenAlignedPixelToPixelUVs.uasset" 206
"../../../Engine/Content/Functions/Engine_MaterialFunctions02/Texturing/ScreenAlignedPixelToPixelUVs.uexp" 207
"../../../Engine/Plugins/Interchange/Runtime/Content/gltf/MaterialFunctions/MF_Temporal_Blur.uasset" 208
"../../../Engine/Plugins/Interchange/Runtime/Content/gltf/MaterialFunctions/MF_Temporal_Blur.uexp" 209
"../../../Engine/Plugins/Interchange/Runtime/Content/gltf/MaterialFunctions/MF_Specular.uasset" 210
"../../../Engine/Plugins/Interchange/Runtime/Content/gltf/MaterialFunctions/MF_Specular.uexp" 211
"../../../Engine/Plugins/Interchange/Runtime/Content/gltf/MaterialFunctions/MF_IOR.uasset" 212
"../../../Engine/Plugins/Interchange/Runtime/Content/gltf/MaterialFunctions/MF_IOR.uexp" 213
"../../../Engine/Plugins/Interchange/Runtime/Content/gltf/MaterialFunctions/MF_Fresnel_DS.uasset" 214
"../../../Engine/Plugins/Interchange/Runtime/Content/gltf/MaterialFunctions/MF_Fresnel_DS.uexp" 215
"../../../Engine/Content/Functions/Engine_MaterialFunctions02/Utility/MakeFloat3.uasset" 216
"../../../Engine/Content/Functions/Engine_MaterialFunctions02/Utility/MakeFloat3.uexp" 217
"../../../Engine/Plugins/Interchange/Runtime/Content/gltf/MaterialFunctions/MF_RotateNormals_TS.uasset" 218
"../../../Engine/Plugins/Interchange/Runtime/Content/gltf/MaterialFunctions/MF_RotateNormals_TS.uexp" 219
"../../../Engine/Plugins/Interchange/Runtime/Content/gltf/Textures/T_Generic_N.uasset" 220
"../../../Engine/Plugins/Interchange/Runtime/Content/gltf/Textures/T_Generic_N.uexp" 221
"../../../Engine/Plugins/Interchange/Runtime/Content/gltf/MaterialFunctions/MF_Normals.uasset" 222
"../../../Engine/Plugins/Interchange/Runtime/Content/gltf/MaterialFunctions/MF_Normals.uexp" 223
"../../../Engine/Plugins/Interchange/Runtime/Content/gltf/MaterialBodies/MF_Transmission_Body.uasset" 224
"../../../Engine/Plugins/Interchange/Runtime/Content/gltf/MaterialBodies/MF_Transmission_Body.uexp" 225
"../../../Engine/Plugins/Interchange/Runtime/Content/gltf/M_Transmission.uasset" 226
"../../../Engine/Plugins/Interchange/Runtime/Content/gltf/M_Transmission.uexp" 227
"../../../Engine/Plugins/Interchange/Runtime/Content/gltf/MaterialInstances/MI_Transmission_DS.uasset" 228
"../../../Engine/Plugins/Interchange/Runtime/Content/gltf/MaterialInstances/MI_Transmission_DS.uexp" 229
"../../../Engine/Plugins/Interchange/Runtime/Content/gltf/MaterialInstances/MI_Transmission.uasset" 230
"../../../Engine/Plugins/Interchange/Runtime/Content/gltf/MaterialInstances/MI_Transmission.uexp" 231
"../../../Engine/Plugins/Interchange/Runtime/Content/gltf/MaterialFunctions/MF_DiffuseSpecGloss.uasset" 232
"../../../Engine/Plugins/Interchange/Runtime/Content/gltf/MaterialFunctions/MF_DiffuseSpecGloss.uexp" 233
"../../../Engine/Content/Functions/Engine_MaterialFunctions02/Math/AddComponents.uasset" 234
"../../../Engine/Content/Functions/Engine_MaterialFunctions02/Math/AddComponents.uexp" 235
"../../../Engine/Plugins/Interchange/Runtime/Content/gltf/MaterialFunctions/MF_PerceivedBrightness.uasset" 236
"../../../Engine/Plugins/Interchange/Runtime/Content/gltf/MaterialFunctions/MF_PerceivedBrightness.uexp" 237
"../../../Engine/Plugins/Interchange/Runtime/Content/gltf/MaterialFunctions/MF_Emissive.uasset" 238
"../../../Engine/Plugins/Interchange/Runtime/Content/gltf/MaterialFunctions/MF_Emissive.uexp" 239
"../../../Engine/Plugins/Interchange/Runtime/Content/gltf/MaterialFunctions/MF_SpecGlossToMetalRoughness.uasset" 240
"../../../Engine/Plugins/Interchange/Runtime/Content/gltf/MaterialFunctions/MF_SpecGlossToMetalRoughness.uexp" 241
"../../../Engine/Plugins/Interchange/Runtime/Content/gltf/MaterialBodies/MF_SpecularGlossiness_Body.uasset" 242
"../../../Engine/Plugins/Interchange/Runtime/Content/gltf/MaterialBodies/MF_SpecularGlossiness_Body.uexp" 243
"../../../Engine/Plugins/Interchange/Runtime/Content/gltf/M_SpecularGlossiness.uasset" 244
"../../../Engine/Plugins/Interchange/Runtime/Content/gltf/M_SpecularGlossiness.uexp" 245
"../../../Engine/Plugins/Interchange/Runtime/Content/gltf/MaterialInstances/MI_SpecularGlossiness_Opaque_DS.uasset" 246
"../../../Engine/Plugins/Interchange/Runtime/Content/gltf/MaterialInstances/MI_SpecularGlossiness_Opaque_DS.uexp" 247
"../../../Engine/Plugins/Interchange/Runtime/Content/gltf/MaterialInstances/MI_SpecularGlossiness_Opaque.uasset" 248
"../../../Engine/Plugins/Interchange/Runtime/Content/gltf/MaterialInstances/MI_SpecularGlossiness_Opaque.uexp" 249
"../../../Engine/Plugins/Interchange/Runtime/Content/gltf/MaterialInstances/MI_SpecularGlossiness_Mask_DS.uasset" 250
"../../../Engine/Plugins/Interchange/Runtime/Content/gltf/MaterialInstances/MI_SpecularGlossiness_Mask_DS.uexp" 251
"../../../Engine/Plugins/Interchange/Runtime/Content/gltf/MaterialInstances/MI_SpecularGlossiness_Mask.uasset" 252
"../../../Engine/Plugins/Interchange/Runtime/Content/gltf/MaterialInstances/MI_SpecularGlossiness_Mask.uexp" 253
"../../../Engine/Plugins/Interchange/Runtime/Content/gltf/MaterialInstances/MI_SpecularGlossiness_Blend_DS.uasset" 254
"../../../Engine/Plugins/Interchange/Runtime/Content/gltf/MaterialInstances/MI_SpecularGlossiness_Blend_DS.uexp" 255
"../../../Engine/Plugins/Interchange/Runtime/Content/gltf/MaterialInstances/MI_SpecularGlossiness_Blend.uasset" 256
"../../../Engine/Plugins/Interchange/Runtime/Content/gltf/MaterialInstances/MI_SpecularGlossiness_Blend.uexp" 257
"../../../Engine/Plugins/Interchange/Runtime/Content/gltf/MaterialFunctions/MF_Sheen.uasset" 258
"../../../Engine/Plugins/Interchange/Runtime/Content/gltf/MaterialFunctions/MF_Sheen.uexp" 259
"../../../Engine/Plugins/Interchange/Runtime/Content/gltf/MaterialBodies/MF_Sheen_Body.uasset" 260
"../../../Engine/Plugins/Interchange/Runtime/Content/gltf/MaterialBodies/MF_Sheen_Body.uexp" 261
"../../../Engine/Plugins/Interchange/Runtime/Content/gltf/M_Sheen.uasset" 262
"../../../Engine/Plugins/Interchange/Runtime/Content/gltf/M_Sheen.uexp" 263
"../../../Engine/Plugins/Interchange/Runtime/Content/gltf/MaterialInstances/MI_Sheen_Opaque_DS.uasset" 264
"../../../Engine/Plugins/Interchange/Runtime/Content/gltf/MaterialInstances/MI_Sheen_Opaque_DS.uexp" 265
"../../../Engine/Plugins/Interchange/Runtime/Content/gltf/MaterialInstances/MI_Sheen_Opaque.uasset" 266
"../../../Engine/Plugins/Interchange/Runtime/Content/gltf/MaterialInstances/MI_Sheen_Opaque.uexp" 267
"../../../Engine/Plugins/Interchange/Runtime/Content/gltf/MaterialInstances/MI_Sheen_Mask_DS.uasset" 268
"../../../Engine/Plugins/Interchange/Runtime/Content/gltf/MaterialInstances/MI_Sheen_Mask_DS.uexp" 269
"../../../Engine/Plugins/Interchange/Runtime/Content/gltf/MaterialInstances/MI_Sheen_Mask.uasset" 270
"../../../Engine/Plugins/Interchange/Runtime/Content/gltf/MaterialInstances/MI_Sheen_Mask.uexp" 271
"../../../Engine/Plugins/Interchange/Runtime/Content/gltf/MaterialInstances/MI_Sheen_Blend_DS.uasset" 272
"../../../Engine/Plugins/Interchange/Runtime/Content/gltf/MaterialInstances/MI_Sheen_Blend_DS.uexp" 273
"../../../Engine/Plugins/Interchange/Runtime/Content/gltf/MaterialInstances/MI_Sheen_Blend.uasset" 274
"../../../Engine/Plugins/Interchange/Runtime/Content/gltf/MaterialInstances/MI_Sheen_Blend.uexp" 275
"../../../Engine/Plugins/Interchange/Runtime/Content/gltf/MaterialBodies/MF_Default_Body.uasset" 276
"../../../Engine/Plugins/Interchange/Runtime/Content/gltf/MaterialBodies/MF_Default_Body.uexp" 277
"../../../Engine/Plugins/Interchange/Runtime/Content/gltf/M_Default.uasset" 278
"../../../Engine/Plugins/Interchange/Runtime/Content/gltf/M_Default.uexp" 279
"../../../Engine/Plugins/Interchange/Runtime/Content/gltf/MaterialInstances/MI_Default_Opaque_DS.uasset" 280
"../../../Engine/Plugins/Interchange/Runtime/Content/gltf/MaterialInstances/MI_Default_Opaque_DS.uexp" 281
"../../../Engine/Plugins/Interchange/Runtime/Content/gltf/MaterialInstances/MI_Default_Opaque.uasset" 282
"../../../Engine/Plugins/Interchange/Runtime/Content/gltf/MaterialInstances/MI_Default_Opaque.uexp" 283
"../../../Engine/Plugins/Interchange/Runtime/Content/gltf/MaterialInstances/MI_Default_Mask_DS.uasset" 284
"../../../Engine/Plugins/Interchange/Runtime/Content/gltf/MaterialInstances/MI_Default_Mask_DS.uexp" 285
"../../../Engine/Plugins/Interchange/Runtime/Content/gltf/MaterialInstances/MI_Default_Mask.uasset" 286
"../../../Engine/Plugins/Interchange/Runtime/Content/gltf/MaterialInstances/MI_Default_Mask.uexp" 287
"../../../Engine/Plugins/Interchange/Runtime/Content/gltf/MaterialInstances/MI_Default_Blend_DS.uasset" 288
"../../../Engine/Plugins/Interchange/Runtime/Content/gltf/MaterialInstances/MI_Default_Blend_DS.uexp" 289
"../../../Engine/Plugins/Interchange/Runtime/Content/gltf/MaterialInstances/MI_Default_Blend.uasset" 290
"../../../Engine/Plugins/Interchange/Runtime/Content/gltf/MaterialInstances/MI_Default_Blend.uexp" 291
"../../../Engine/Content/Functions/Engine_MaterialFunctions01/Texturing/FlattenNormal.uasset" 292
"../../../Engine/Content/Functions/Engine_MaterialFunctions01/Texturing/FlattenNormal.uexp" 293
"../../../Engine/Plugins/Interchange/Runtime/Content/gltf/MaterialFunctions/MF_Clearcoat.uasset" 294
"../../../Engine/Plugins/Interchange/Runtime/Content/gltf/MaterialFunctions/MF_Clearcoat.uexp" 295
"../../../Engine/Plugins/Interchange/Runtime/Content/gltf/MaterialBodies/MF_ClearCoat_Body.uasset" 296
"../../../Engine/Plugins/Interchange/Runtime/Content/gltf/MaterialBodies/MF_ClearCoat_Body.uexp" 297
"../../../Engine/Plugins/Interchange/Runtime/Content/gltf/M_ClearCoat.uasset" 298
"../../../Engine/Plugins/Interchange/Runtime/Content/gltf/M_ClearCoat.uexp" 299
"../../../Engine/Plugins/Interchange/Runtime/Content/gltf/MaterialInstances/MI_ClearCoat_Opaque_DS.uasset" 300
"../../../Engine/Plugins/Interchange/Runtime/Content/gltf/MaterialInstances/MI_ClearCoat_Opaque_DS.uexp" 301
"../../../Engine/Plugins/Interchange/Runtime/Content/gltf/MaterialInstances/MI_ClearCoat_Opaque.uasset" 302
"../../../Engine/Plugins/Interchange/Runtime/Content/gltf/MaterialInstances/MI_ClearCoat_Opaque.uexp" 303
"../../../Engine/Plugins/Interchange/Runtime/Content/gltf/MaterialInstances/MI_ClearCoat_Mask_DS.uasset" 304
"../../../Engine/Plugins/Interchange/Runtime/Content/gltf/MaterialInstances/MI_ClearCoat_Mask_DS.uexp" 305
"../../../Engine/Plugins/Interchange/Runtime/Content/gltf/MaterialInstances/MI_ClearCoat_Mask.uasset" 306
"../../../Engine/Plugins/Interchange/Runtime/Content/gltf/MaterialInstances/MI_ClearCoat_Mask.uexp" 307
"../../../Engine/Plugins/Interchange/Runtime/Content/gltf/MaterialInstances/MI_ClearCoat_Blend_DS.uasset" 308
"../../../Engine/Plugins/Interchange/Runtime/Content/gltf/MaterialInstances/MI_ClearCoat_Blend_DS.uexp" 309
"../../../Engine/Plugins/Interchange/Runtime/Content/gltf/MaterialInstances/MI_ClearCoat_Blend.uasset" 310
"../../../Engine/Plugins/Interchange/Runtime/Content/gltf/MaterialInstances/MI_ClearCoat_Blend.uexp" 311
"../../../Engine/Plugins/Interchange/Runtime/Content/Functions/MX_UsdPreviewSurface.uasset" 312
"../../../Engine/Plugins/Interchange/Runtime/Content/Functions/MX_UsdPreviewSurface.uexp" 313
"../../../Engine/Plugins/Interchange/Runtime/Content/Functions/MX_UniformEDF.uasset" 314
"../../../Engine/Plugins/Interchange/Runtime/Content/Functions/MX_UniformEDF.uexp" 315
"../../../Engine/Plugins/Interchange/Runtime/Content/Functions/MX_TranslucentBSDF.uasset" 316
"../../../Engine/Plugins/Interchange/Runtime/Content/Functions/MX_TranslucentBSDF.uexp" 317
"../../../Engine/Plugins/Interchange/Runtime/Content/Functions/MX_ThinFilmBSDF.uasset" 318
"../../../Engine/Plugins/Interchange/Runtime/Content/Functions/MX_ThinFilmBSDF.uexp" 319
"../../../Engine/Plugins/Interchange/Runtime/Content/Functions/MX_SurfaceUnlit.uasset" 320
"../../../Engine/Plugins/Interchange/Runtime/Content/Functions/MX_SurfaceUnlit.uexp" 321
"../../../Engine/Plugins/Interchange/Runtime/Content/Functions/MX_Surface.uasset" 322
"../../../Engine/Plugins/Interchange/Runtime/Content/Functions/MX_Surface.uexp" 323
"../../../Engine/Plugins/Interchange/Runtime/Content/Functions/MX_SubsurfaceBSDF.uasset" 324
"../../../Engine/Plugins/Interchange/Runtime/Content/Functions/MX_SubsurfaceBSDF.uexp" 325
"../../../Engine/Plugins/Interchange/Runtime/Content/Functions/MX_SheenBSDF.uasset" 326
"../../../Engine/Plugins/Interchange/Runtime/Content/Functions/MX_SheenBSDF.uexp" 327
"../../../Engine/Plugins/Interchange/Runtime/Content/Functions/MX_OrenNayarBSDF.uasset" 328
"../../../Engine/Plugins/Interchange/Runtime/Content/Functions/MX_OrenNayarBSDF.uexp" 329
"../../../Engine/Content/Functions/Engine_MaterialFunctions01/Volumetrics/BeersLaw.uasset" 330
"../../../Engine/Content/Functions/Engine_MaterialFunctions01/Volumetrics/BeersLaw.uexp" 331
"../../../Engine/Plugins/Interchange/Runtime/Content/Functions/MX_Transmission.uasset" 332
"../../../Engine/Plugins/Interchange/Runtime/Content/Functions/MX_Transmission.uexp" 333
"../../../Engine/Plugins/Interchange/Runtime/Content/Functions/MF_OrenNayerView.uasset" 334
"../../../Engine/Plugins/Interchange/Runtime/Content/Functions/MF_OrenNayerView.uexp" 335
"../../../Engine/Plugins/Interchange/Runtime/Content/Functions/MF_SchlickApprox.uasset" 336
"../../../Engine/Plugins/Interchange/Runtime/Content/Functions/MF_SchlickApprox.uexp" 337
"../../../Engine/Plugins/Interchange/Runtime/Content/Functions/MX_StandardSurface.uasset" 338
"../../../Engine/Plugins/Interchange/Runtime/Content/Functions/MX_StandardSurface.uexp" 339
"../../../Engine/Plugins/Interchange/Runtime/Content/Functions/MX_TransmissionSurface.uasset" 340
"../../../Engine/Plugins/Interchange/Runtime/Content/Functions/MX_TransmissionSurface.uexp" 341
"../../../Engine/Plugins/Interchange/Runtime/Content/Functions/MX_OpenPBR_Translucent.uasset" 342
"../../../Engine/Plugins/Interchange/Runtime/Content/Functions/MX_OpenPBR_Translucent.uexp" 343
"../../../Engine/Plugins/Interchange/Runtime/Content/Functions/MX_OpenPBR_Opaque.uasset" 344
"../../../Engine/Plugins/Interchange/Runtime/Content/Functions/MX_OpenPBR_Opaque.uexp" 345
"../../../Engine/Plugins/Interchange/Runtime/Content/Functions/MX_MeasuredEDF.uasset" 346
"../../../Engine/Plugins/Interchange/Runtime/Content/Functions/MX_MeasuredEDF.uexp" 347
"../../../Engine/Plugins/Interchange/Runtime/Content/Functions/MX_GeneralizedSchlickBSDF.uasset" 348
"../../../Engine/Plugins/Interchange/Runtime/Content/Functions/MX_GeneralizedSchlickBSDF.uexp" 349
"../../../Engine/Plugins/Interchange/Runtime/Content/Functions/MX_DielectricBSDF.uasset" 350
"../../../Engine/Plugins/Interchange/Runtime/Content/Functions/MX_DielectricBSDF.uexp" 351
"../../../Engine/Plugins/Interchange/Runtime/Content/Functions/MX_ConicalEDF.uasset" 352
"../../../Engine/Plugins/Interchange/Runtime/Content/Functions/MX_ConicalEDF.uexp" 353
"../../../Engine/Plugins/Interchange/Runtime/Content/Functions/MX_ConductorBSDF.uasset" 354
"../../../Engine/Plugins/Interchange/Runtime/Content/Functions/MX_ConductorBSDF.uexp" 355
"../../../Engine/Plugins/Interchange/Runtime/Content/Functions/MX_BurleyDiffuseBSDF.uasset" 356
"../../../Engine/Plugins/Interchange/Runtime/Content/Functions/MX_BurleyDiffuseBSDF.uexp" 357
"../../../Engine/Plugins/Interchange/Runtime/Content/Functions/MX_AnisotropicVDF.uasset" 358
"../../../Engine/Plugins/Interchange/Runtime/Content/Functions/MX_AnisotropicVDF.uexp" 359
"../../../Engine/Plugins/Interchange/Runtime/Content/Functions/MX_AbsorptionVDF.uasset" 360
"../../../Engine/Plugins/Interchange/Runtime/Content/Functions/MX_AbsorptionVDF.uexp" 361
"../../../Engine/Plugins/Editor/SpeedTreeImporter/Content/SpeedTree9/game_wind_noise.ubulk" 362
"../../../Engine/Plugins/Editor/SpeedTreeImporter/Content/SpeedTree9/game_wind_noise.uasset" 363
"../../../Engine/Plugins/Editor/SpeedTreeImporter/Content/SpeedTree9/game_wind_noise.uexp" 364
"../../../Engine/Plugins/Editor/SpeedTreeImporter/Content/SpeedTree9/UnpackDirection.uasset" 365
"../../../Engine/Plugins/Editor/SpeedTreeImporter/Content/SpeedTree9/UnpackDirection.uexp" 366
"../../../Engine/Content/Functions/Engine_MaterialFunctions02/ObjectLocalBounds.uasset" 367
"../../../Engine/Content/Functions/Engine_MaterialFunctions02/ObjectLocalBounds.uexp" 368
"../../../Engine/Content/Functions/Engine_MaterialFunctions02/UVs/BoundingBoxBased_0-1_UVW.uasset" 369
"../../../Engine/Content/Functions/Engine_MaterialFunctions02/UVs/BoundingBoxBased_0-1_UVW.uexp" 370
"../../../Engine/Content/Functions/Engine_MaterialFunctions02/Utility/VectorLength.uasset" 371
"../../../Engine/Content/Functions/Engine_MaterialFunctions02/Utility/VectorLength.uexp" 372
"../../../Engine/Plugins/Editor/SpeedTreeImporter/Content/SpeedTree9/UnpackInteger3.uasset" 373
"../../../Engine/Plugins/Editor/SpeedTreeImporter/Content/SpeedTree9/UnpackInteger3.uexp" 374
"../../../Engine/Plugins/Editor/SpeedTreeImporter/Content/SpeedTree9/SpeedTreeCameraFacing.uasset" 375
"../../../Engine/Plugins/Editor/SpeedTreeImporter/Content/SpeedTree9/SpeedTreeCameraFacing.uexp" 376
"../../../Engine/Content/Functions/Engine_MaterialFunctions02/WorldPositionOffset/ObjectScale.uasset" 377
"../../../Engine/Content/Functions/Engine_MaterialFunctions02/WorldPositionOffset/ObjectScale.uexp" 378
"../../../Engine/Content/Functions/Engine_MaterialFunctions02/SafeNormalize.uasset" 379
"../../../Engine/Content/Functions/Engine_MaterialFunctions02/SafeNormalize.uexp" 380
"../../../Engine/Plugins/Editor/SpeedTreeImporter/Content/SpeedTree9/SpeedTreeWindMotion.uasset" 381
"../../../Engine/Plugins/Editor/SpeedTreeImporter/Content/SpeedTree9/SpeedTreeWindMotion.uexp" 382
"../../../Engine/Plugins/Editor/SpeedTreeImporter/Content/SpeedTree9/SpeedTreeBranchMotion.uasset" 383
"../../../Engine/Plugins/Editor/SpeedTreeImporter/Content/SpeedTree9/SpeedTreeBranchMotion.uexp" 384
"../../../Engine/Plugins/Editor/SpeedTreeImporter/Content/SpeedTree9/SpeedTreeWind.uasset" 385
"../../../Engine/Plugins/Editor/SpeedTreeImporter/Content/SpeedTree9/SpeedTreeWind.uexp" 386
"../../../Engine/Plugins/Editor/SpeedTreeImporter/Content/SpeedTree9/EmptyNormal.uasset" 387
"../../../Engine/Plugins/Editor/SpeedTreeImporter/Content/SpeedTree9/EmptyNormal.uexp" 388
"../../../Engine/Plugins/Editor/SpeedTreeImporter/Content/SpeedTree9/Empty.uasset" 389
"../../../Engine/Plugins/Editor/SpeedTreeImporter/Content/SpeedTree9/Empty.uexp" 390
"../../../Engine/Plugins/Editor/SpeedTreeImporter/Content/SpeedTree9/SpeedTreeMaster.uasset" 391
"../../../Engine/Plugins/Editor/SpeedTreeImporter/Content/SpeedTree9/SpeedTreeMaster.uexp" 392
"../../../Engine/Plugins/Editor/SpeedTreeImporter/Content/SpeedTree9/SpeedTreeBillboard.uasset" 393
"../../../Engine/Plugins/Editor/SpeedTreeImporter/Content/SpeedTree9/SpeedTreeBillboard.uexp" 394
"../../../Engine/Plugins/Editor/SpeedTreeImporter/Content/SpeedTree9/SpeedTreeBillboardMaster.uasset" 395
"../../../Engine/Plugins/Editor/SpeedTreeImporter/Content/SpeedTree9/SpeedTreeBillboardMaster.uexp" 396
"../../../Engine/Plugins/Animation/ControlRig/Content/Controls/DefaultGizmoLibraryNormalized.uasset" 397
"../../../Engine/Plugins/Animation/ControlRig/Content/Controls/DefaultGizmoLibraryNormalized.uexp" 398
"../../../Engine/Plugins/Animation/ControlRig/Content/Controls/ControlRig_Wedge_solid.ubulk" 399
"../../../Engine/Plugins/Animation/ControlRig/Content/Controls/ControlRig_Wedge_solid.uasset" 400
"../../../Engine/Plugins/Animation/ControlRig/Content/Controls/ControlRig_Wedge_solid.uexp" 401
"../../../Engine/Plugins/Animation/ControlRig/Content/Controls/ControlRig_Wedge_3mm.ubulk" 402
"../../../Engine/Plugins/Animation/ControlRig/Content/Controls/ControlRig_Wedge_3mm.uasset" 403
"../../../Engine/Plugins/Animation/ControlRig/Content/Controls/ControlRig_Wedge_3mm.uexp" 404
"../../../Engine/Plugins/Animation/ControlRig/Content/Controls/ControlRig_Wedge_1mm.ubulk" 405
"../../../Engine/Plugins/Animation/ControlRig/Content/Controls/ControlRig_Wedge_1mm.uasset" 406
"../../../Engine/Plugins/Animation/ControlRig/Content/Controls/ControlRig_Wedge_1mm.uexp" 407
"../../../Engine/Plugins/Animation/ControlRig/Content/Controls/ControlRig_Triangle_solid.ubulk" 408
"../../../Engine/Plugins/Animation/ControlRig/Content/Controls/ControlRig_Triangle_solid.uasset" 409
"../../../Engine/Plugins/Animation/ControlRig/Content/Controls/ControlRig_Triangle_solid.uexp" 410
"../../../Engine/Plugins/Animation/ControlRig/Content/Controls/ControlRig_Triangle_3mm.ubulk" 411
"../../../Engine/Plugins/Animation/ControlRig/Content/Controls/ControlRig_Triangle_3mm.uasset" 412
"../../../Engine/Plugins/Animation/ControlRig/Content/Controls/ControlRig_Triangle_3mm.uexp" 413
"../../../Engine/Plugins/Animation/ControlRig/Content/Controls/ControlRig_Triangle_1mm.ubulk" 414
"../../../Engine/Plugins/Animation/ControlRig/Content/Controls/ControlRig_Triangle_1mm.uasset" 415
"../../../Engine/Plugins/Animation/ControlRig/Content/Controls/ControlRig_Triangle_1mm.uexp" 416
"../../../Engine/Plugins/Animation/ControlRig/Content/Controls/ControlRig_Star4_solid.ubulk" 417
"../../../Engine/Plugins/Animation/ControlRig/Content/Controls/ControlRig_Star4_solid.uasset" 418
"../../../Engine/Plugins/Animation/ControlRig/Content/Controls/ControlRig_Star4_solid.uexp" 419
"../../../Engine/Plugins/Animation/ControlRig/Content/Controls/ControlRig_Star4_3mm.ubulk" 420
"../../../Engine/Plugins/Animation/ControlRig/Content/Controls/ControlRig_Star4_3mm.uasset" 421
"../../../Engine/Plugins/Animation/ControlRig/Content/Controls/ControlRig_Star4_3mm.uexp" 422
"../../../Engine/Plugins/Animation/ControlRig/Content/Controls/ControlRig_Star4_1mm.ubulk" 423
"../../../Engine/Plugins/Animation/ControlRig/Content/Controls/ControlRig_Star4_1mm.uasset" 424
"../../../Engine/Plugins/Animation/ControlRig/Content/Controls/ControlRig_Star4_1mm.uexp" 425
"../../../Engine/Plugins/Animation/ControlRig/Content/Controls/ControlRig_Square_solid.ubulk" 426
"../../../Engine/Plugins/Animation/ControlRig/Content/Controls/ControlRig_Square_solid.uasset" 427
"../../../Engine/Plugins/Animation/ControlRig/Content/Controls/ControlRig_Square_solid.uexp" 428
"../../../Engine/Plugins/Animation/ControlRig/Content/Controls/ControlRig_Square_3mm.ubulk" 429
"../../../Engine/Plugins/Animation/ControlRig/Content/Controls/ControlRig_Square_3mm.uasset" 430
"../../../Engine/Plugins/Animation/ControlRig/Content/Controls/ControlRig_Square_3mm.uexp" 431
"../../../Engine/Plugins/Animation/ControlRig/Content/Controls/ControlRig_Square_1mm.ubulk" 432
"../../../Engine/Plugins/Animation/ControlRig/Content/Controls/ControlRig_Square_1mm.uasset" 433
"../../../Engine/Plugins/Animation/ControlRig/Content/Controls/ControlRig_Square_1mm.uexp" 434
"../../../Engine/Plugins/Animation/ControlRig/Content/Controls/ControlRig_Sphere_solid.ubulk" 435
"../../../Engine/Plugins/Animation/ControlRig/Content/Controls/ControlRig_Sphere_solid.uasset" 436
"../../../Engine/Plugins/Animation/ControlRig/Content/Controls/ControlRig_Sphere_solid.uexp" 437
"../../../Engine/Plugins/Animation/ControlRig/Content/Controls/ControlRig_Sphere_3mm.ubulk" 438
"../../../Engine/Plugins/Animation/ControlRig/Content/Controls/ControlRig_Sphere_3mm.uasset" 439
"../../../Engine/Plugins/Animation/ControlRig/Content/Controls/ControlRig_Sphere_3mm.uexp" 440
"../../../Engine/Plugins/Animation/ControlRig/Content/Controls/ControlRig_Sphere_1mm.ubulk" 441
"../../../Engine/Plugins/Animation/ControlRig/Content/Controls/ControlRig_Sphere_1mm.uasset" 442
"../../../Engine/Plugins/Animation/ControlRig/Content/Controls/ControlRig_Sphere_1mm.uexp" 443
"../../../Engine/Plugins/Animation/ControlRig/Content/Controls/ControlRig_RoundedTriangle_solid.ubulk" 444
"../../../Engine/Plugins/Animation/ControlRig/Content/Controls/ControlRig_RoundedTriangle_solid.uasset" 445
"../../../Engine/Plugins/Animation/ControlRig/Content/Controls/ControlRig_RoundedTriangle_solid.uexp" 446
"../../../Engine/Plugins/Animation/ControlRig/Content/Controls/ControlRig_RoundedTriangle_3mm.ubulk" 447
"../../../Engine/Plugins/Animation/ControlRig/Content/Controls/ControlRig_RoundedTriangle_3mm.uasset" 448
"../../../Engine/Plugins/Animation/ControlRig/Content/Controls/ControlRig_RoundedTriangle_3mm.uexp" 449
"../../../Engine/Plugins/Animation/ControlRig/Content/Controls/ControlRig_RoundedTriangle_1mm.ubulk" 450
"../../../Engine/Plugins/Animation/ControlRig/Content/Controls/ControlRig_RoundedTriangle_1mm.uasset" 451
"../../../Engine/Plugins/Animation/ControlRig/Content/Controls/ControlRig_RoundedTriangle_1mm.uexp" 452
"../../../Engine/Plugins/Animation/ControlRig/Content/Controls/ControlRig_RoundedSquare_solid.ubulk" 453
"../../../Engine/Plugins/Animation/ControlRig/Content/Controls/ControlRig_RoundedSquare_solid.uasset" 454
"../../../Engine/Plugins/Animation/ControlRig/Content/Controls/ControlRig_RoundedSquare_solid.uexp" 455
"../../../Engine/Plugins/Animation/ControlRig/Content/Controls/ControlRig_RoundedSquare_3mm.ubulk" 456
"../../../Engine/Plugins/Animation/ControlRig/Content/Controls/ControlRig_RoundedSquare_3mm.uasset" 457
"../../../Engine/Plugins/Animation/ControlRig/Content/Controls/ControlRig_RoundedSquare_3mm.uexp" 458
"../../../Engine/Plugins/Animation/ControlRig/Content/Controls/ControlRig_RoundedSquare_1mm.ubulk" 459
"../../../Engine/Plugins/Animation/ControlRig/Content/Controls/ControlRig_RoundedSquare_1mm.uasset" 460
"../../../Engine/Plugins/Animation/ControlRig/Content/Controls/ControlRig_RoundedSquare_1mm.uexp" 461
"../../../Engine/Plugins/Animation/ControlRig/Content/Controls/ControlRig_QuarterCircle_solid.ubulk" 462
"../../../Engine/Plugins/Animation/ControlRig/Content/Controls/ControlRig_QuarterCircle_solid.uasset" 463
"../../../Engine/Plugins/Animation/ControlRig/Content/Controls/ControlRig_QuarterCircle_solid.uexp" 464
"../../../Engine/Plugins/Animation/ControlRig/Content/Controls/ControlRig_QuarterCircle_3mm.ubulk" 465
"../../../Engine/Plugins/Animation/ControlRig/Content/Controls/ControlRig_QuarterCircle_3mm.uasset" 466
"../../../Engine/Plugins/Animation/ControlRig/Content/Controls/ControlRig_QuarterCircle_3mm.uexp" 467
"../../../Engine/Plugins/Animation/ControlRig/Content/Controls/ControlRig_QuarterCircle_1mm.ubulk" 468
"../../../Engine/Plugins/Animation/ControlRig/Content/Controls/ControlRig_QuarterCircle_1mm.uasset" 469
"../../../Engine/Plugins/Animation/ControlRig/Content/Controls/ControlRig_QuarterCircle_1mm.uexp" 470
"../../../Engine/Plugins/Animation/ControlRig/Content/Controls/ControlRig_Pyramid_solid.ubulk" 471
"../../../Engine/Plugins/Animation/ControlRig/Content/Controls/ControlRig_Pyramid_solid.uasset" 472
"../../../Engine/Plugins/Animation/ControlRig/Content/Controls/ControlRig_Pyramid_solid.uexp" 473
"../../../Engine/Plugins/Animation/ControlRig/Content/Controls/ControlRig_Pyramid_3mm.ubulk" 474
"../../../Engine/Plugins/Animation/ControlRig/Content/Controls/ControlRig_Pyramid_3mm.uasset" 475
"../../../Engine/Plugins/Animation/ControlRig/Content/Controls/ControlRig_Pyramid_3mm.uexp" 476
"../../../Engine/Plugins/Animation/ControlRig/Content/Controls/ControlRig_Pyramid_1mm.ubulk" 477
"../../../Engine/Plugins/Animation/ControlRig/Content/Controls/ControlRig_Pyramid_1mm.uasset" 478
"../../../Engine/Plugins/Animation/ControlRig/Content/Controls/ControlRig_Pyramid_1mm.uexp" 479
"../../../Engine/Plugins/Animation/ControlRig/Content/Controls/ControlRig_Octagon_solid.ubulk" 480
"../../../Engine/Plugins/Animation/ControlRig/Content/Controls/ControlRig_Octagon_solid.uasset" 481
"../../../Engine/Plugins/Animation/ControlRig/Content/Controls/ControlRig_Octagon_solid.uexp" 482
"../../../Engine/Plugins/Animation/ControlRig/Content/Controls/ControlRig_Octagon_3mm.ubulk" 483
"../../../Engine/Plugins/Animation/ControlRig/Content/Controls/ControlRig_Octagon_3mm.uasset" 484
"../../../Engine/Plugins/Animation/ControlRig/Content/Controls/ControlRig_Octagon_3mm.uexp" 485
"../../../Engine/Plugins/Animation/ControlRig/Content/Controls/ControlRig_Octagon_1mm.ubulk" 486
"../../../Engine/Plugins/Animation/ControlRig/Content/Controls/ControlRig_Octagon_1mm.uasset" 487
"../../../Engine/Plugins/Animation/ControlRig/Content/Controls/ControlRig_Octagon_1mm.uexp" 488
"../../../Engine/Plugins/Animation/ControlRig/Content/Controls/ControlRig_Hexagon_solid.ubulk" 489
"../../../Engine/Plugins/Animation/ControlRig/Content/Controls/ControlRig_Hexagon_solid.uasset" 490
"../../../Engine/Plugins/Animation/ControlRig/Content/Controls/ControlRig_Hexagon_solid.uexp" 491
"../../../Engine/Plugins/Animation/ControlRig/Content/Controls/ControlRig_Hexagon_3mm.ubulk" 492
"../../../Engine/Plugins/Animation/ControlRig/Content/Controls/ControlRig_Hexagon_3mm.uasset" 493
"../../../Engine/Plugins/Animation/ControlRig/Content/Controls/ControlRig_Hexagon_3mm.uexp" 494
"../../../Engine/Plugins/Animation/ControlRig/Content/Controls/ControlRig_Hexagon_1mm.ubulk" 495
"../../../Engine/Plugins/Animation/ControlRig/Content/Controls/ControlRig_Hexagon_1mm.uasset" 496
"../../../Engine/Plugins/Animation/ControlRig/Content/Controls/ControlRig_Hexagon_1mm.uexp" 497
"../../../Engine/Plugins/Animation/ControlRig/Content/Controls/ControlRig_HalfCircle_solid.ubulk" 498
"../../../Engine/Plugins/Animation/ControlRig/Content/Controls/ControlRig_HalfCircle_solid.uasset" 499
"../../../Engine/Plugins/Animation/ControlRig/Content/Controls/ControlRig_HalfCircle_solid.uexp" 500
"../../../Engine/Plugins/Animation/ControlRig/Content/Controls/ControlRig_HalfCircle_3mm.ubulk" 501
"../../../Engine/Plugins/Animation/ControlRig/Content/Controls/ControlRig_HalfCircle_3mm.uasset" 502
"../../../Engine/Plugins/Animation/ControlRig/Content/Controls/ControlRig_HalfCircle_3mm.uexp" 503
"../../../Engine/Plugins/Animation/ControlRig/Content/Controls/ControlRig_HalfCircle_1mm.ubulk" 504
"../../../Engine/Plugins/Animation/ControlRig/Content/Controls/ControlRig_HalfCircle_1mm.uasset" 505
"../../../Engine/Plugins/Animation/ControlRig/Content/Controls/ControlRig_HalfCircle_1mm.uexp" 506
"../../../Engine/Plugins/Animation/ControlRig/Content/Controls/ControlRig_Diamond_solid.ubulk" 507
"../../../Engine/Plugins/Animation/ControlRig/Content/Controls/ControlRig_Diamond_solid.uasset" 508
"../../../Engine/Plugins/Animation/ControlRig/Content/Controls/ControlRig_Diamond_solid.uexp" 509
"../../../Engine/Plugins/Animation/ControlRig/Content/Controls/ControlRig_Diamond_3mm.ubulk" 510
"../../../Engine/Plugins/Animation/ControlRig/Content/Controls/ControlRig_Diamond_3mm.uasset" 511
"../../../Engine/Plugins/Animation/ControlRig/Content/Controls/ControlRig_Diamond_3mm.uexp" 512
"../../../Engine/Plugins/Animation/ControlRig/Content/Controls/ControlRig_Diamond_1mm.ubulk" 513
"../../../Engine/Plugins/Animation/ControlRig/Content/Controls/ControlRig_Diamond_1mm.uasset" 514
"../../../Engine/Plugins/Animation/ControlRig/Content/Controls/ControlRig_Diamond_1mm.uexp" 515
"../../../Engine/Plugins/Animation/ControlRig/Content/Controls/ControlRig_Circle_solid.ubulk" 516
"../../../Engine/Plugins/Animation/ControlRig/Content/Controls/ControlRig_Circle_solid.uasset" 517
"../../../Engine/Plugins/Animation/ControlRig/Content/Controls/ControlRig_Circle_solid.uexp" 518
"../../../Engine/Plugins/Animation/ControlRig/Content/Controls/ControlRig_Circle_3mm.ubulk" 519
"../../../Engine/Plugins/Animation/ControlRig/Content/Controls/ControlRig_Circle_3mm.uasset" 520
"../../../Engine/Plugins/Animation/ControlRig/Content/Controls/ControlRig_Circle_3mm.uexp" 521
"../../../Engine/Plugins/Animation/ControlRig/Content/Controls/ControlRig_Circle_1mm.ubulk" 522
"../../../Engine/Plugins/Animation/ControlRig/Content/Controls/ControlRig_Circle_1mm.uasset" 523
"../../../Engine/Plugins/Animation/ControlRig/Content/Controls/ControlRig_Circle_1mm.uexp" 524
"../../../Engine/Plugins/Animation/ControlRig/Content/Controls/ControlRig_Box_solid.ubulk" 525
"../../../Engine/Plugins/Animation/ControlRig/Content/Controls/ControlRig_Box_solid.uasset" 526
"../../../Engine/Plugins/Animation/ControlRig/Content/Controls/ControlRig_Box_solid.uexp" 527
"../../../Engine/Plugins/Animation/ControlRig/Content/Controls/ControlRig_Box_3mm.ubulk" 528
"../../../Engine/Plugins/Animation/ControlRig/Content/Controls/ControlRig_Box_3mm.uasset" 529
"../../../Engine/Plugins/Animation/ControlRig/Content/Controls/ControlRig_Box_3mm.uexp" 530
"../../../Engine/Plugins/Animation/ControlRig/Content/Controls/ControlRig_Box_1mm.ubulk" 531
"../../../Engine/Plugins/Animation/ControlRig/Content/Controls/ControlRig_Box_1mm.uasset" 532
"../../../Engine/Plugins/Animation/ControlRig/Content/Controls/ControlRig_Box_1mm.uexp" 533
"../../../Engine/Plugins/Animation/ControlRig/Content/Controls/ControlRig_Arrow_solid.ubulk" 534
"../../../Engine/Plugins/Animation/ControlRig/Content/Controls/ControlRig_Arrow_solid.uasset" 535
"../../../Engine/Plugins/Animation/ControlRig/Content/Controls/ControlRig_Arrow_solid.uexp" 536
"../../../Engine/Plugins/Animation/ControlRig/Content/Controls/ControlRig_Arrow_3mm.ubulk" 537
"../../../Engine/Plugins/Animation/ControlRig/Content/Controls/ControlRig_Arrow_3mm.uasset" 538
"../../../Engine/Plugins/Animation/ControlRig/Content/Controls/ControlRig_Arrow_3mm.uexp" 539
"../../../Engine/Plugins/Animation/ControlRig/Content/Controls/ControlRig_Arrow_1mm.ubulk" 540
"../../../Engine/Plugins/Animation/ControlRig/Content/Controls/ControlRig_Arrow_1mm.uasset" 541
"../../../Engine/Plugins/Animation/ControlRig/Content/Controls/ControlRig_Arrow_1mm.uexp" 542
"../../../Engine/Plugins/Animation/ControlRig/Content/Controls/ControlRig_Arrow4_solid.ubulk" 543
"../../../Engine/Plugins/Animation/ControlRig/Content/Controls/ControlRig_Arrow4_solid.uasset" 544
"../../../Engine/Plugins/Animation/ControlRig/Content/Controls/ControlRig_Arrow4_solid.uexp" 545
"../../../Engine/Plugins/Animation/ControlRig/Content/Controls/ControlRig_Arrow4_3mm.ubulk" 546
"../../../Engine/Plugins/Animation/ControlRig/Content/Controls/ControlRig_Arrow4_3mm.uasset" 547
"../../../Engine/Plugins/Animation/ControlRig/Content/Controls/ControlRig_Arrow4_3mm.uexp" 548
"../../../Engine/Plugins/Animation/ControlRig/Content/Controls/ControlRig_Arrow4_1mm.ubulk" 549
"../../../Engine/Plugins/Animation/ControlRig/Content/Controls/ControlRig_Arrow4_1mm.uasset" 550
"../../../Engine/Plugins/Animation/ControlRig/Content/Controls/ControlRig_Arrow4_1mm.uexp" 551
"../../../Engine/Plugins/Animation/ControlRig/Content/Controls/ControlRig_Arrow2_solid.ubulk" 552
"../../../Engine/Plugins/Animation/ControlRig/Content/Controls/ControlRig_Arrow2_solid.uasset" 553
"../../../Engine/Plugins/Animation/ControlRig/Content/Controls/ControlRig_Arrow2_solid.uexp" 554
"../../../Engine/Plugins/Animation/ControlRig/Content/Controls/ControlRig_Arrow2_3mm.ubulk" 555
"../../../Engine/Plugins/Animation/ControlRig/Content/Controls/ControlRig_Arrow2_3mm.uasset" 556
"../../../Engine/Plugins/Animation/ControlRig/Content/Controls/ControlRig_Arrow2_3mm.uexp" 557
"../../../Engine/Plugins/Animation/ControlRig/Content/Controls/ControlRig_Arrow2_1mm.ubulk" 558
"../../../Engine/Plugins/Animation/ControlRig/Content/Controls/ControlRig_Arrow2_1mm.uasset" 559
"../../../Engine/Plugins/Animation/ControlRig/Content/Controls/ControlRig_Arrow2_1mm.uexp" 560
"../../../Engine/Plugins/Animation/ControlRig/Content/Controls/ControlRigXRayMaterial.uasset" 561
"../../../Engine/Plugins/Animation/ControlRig/Content/Controls/ControlRigXRayMaterial.uexp" 562
"../../../Engine/Plugins/Animation/ControlRig/Content/Controls/ControlRigGizmoMaterial.uasset" 563
"../../../Engine/Plugins/Animation/ControlRig/Content/Controls/ControlRigGizmoMaterial.uexp" 564
"../../../Engine/Content/VREditor/TransformGizmo/StartRotationHandleIndicator.ubulk" 565
"../../../Engine/Content/VREditor/TransformGizmo/StartRotationHandleIndicator.uasset" 566
"../../../Engine/Content/VREditor/TransformGizmo/StartRotationHandleIndicator.uexp" 567
"../../../Engine/Content/VREditor/Sounds/UI/Drop_Item_From_ContentBrowser.ubulk" 568
"../../../Engine/Content/VREditor/Sounds/UI/Drop_Item_From_ContentBrowser.uasset" 569
"../../../Engine/Content/VREditor/Sounds/UI/Drop_Item_From_ContentBrowser.uexp" 570
"../../../Engine/Content/VREditor/TransformGizmo/PlaneTranslationHandle.ubulk" 571
"../../../Engine/Content/VREditor/TransformGizmo/PlaneTranslationHandle.uasset" 572
"../../../Engine/Content/VREditor/TransformGizmo/PlaneTranslationHandle.uexp" 573
"../../../Engine/Content/VREditor/Sounds/UI/Object_Snaps_To_Grid.ubulk" 574
"../../../Engine/Content/VREditor/Sounds/UI/Object_Snaps_To_Grid.uasset" 575
"../../../Engine/Content/VREditor/Sounds/UI/Object_Snaps_To_Grid.uexp" 576
"../../../Engine/Content/VREditor/Sounds/UI/Selection_Changes.ubulk" 577
"../../../Engine/Content/VREditor/Sounds/UI/Selection_Changes.uasset" 578
"../../../Engine/Content/VREditor/Sounds/UI/Selection_Changes.uexp" 579
"../../../Engine/Content/VREditor/Sounds/UI/Object_Snaps_To_Another_Actor.ubulk" 580
"../../../Engine/Content/VREditor/Sounds/UI/Object_Snaps_To_Another_Actor.uasset" 581
"../../../Engine/Content/VREditor/Sounds/UI/Object_Snaps_To_Another_Actor.uexp" 582
"../../../Engine/Content/VREditor/TransformGizmo/TranslucentTransformGizmoMaterial_Inst.uasset" 583
"../../../Engine/Content/VREditor/TransformGizmo/TranslucentTransformGizmoMaterial_Inst.uexp" 584
"../../../Engine/Content/VREditor/TransformGizmo/TransformGizmoFreeRotation.ubulk" 585
"../../../Engine/Content/VREditor/TransformGizmo/TransformGizmoFreeRotation.uasset" 586
"../../../Engine/Content/VREditor/TransformGizmo/TransformGizmoFreeRotation.uexp" 587
"../../../Engine/Content/VREditor/Sounds/UI/Scaling_Down.ubulk" 588
"../../../Engine/Content/VREditor/Sounds/UI/Scaling_Down.uasset" 589
"../../../Engine/Content/VREditor/Sounds/UI/Scaling_Down.uexp" 590
"../../../Engine/Content/Functions/Engine_MaterialFunctions02/SplitComponents.uasset" 591
"../../../Engine/Content/Functions/Engine_MaterialFunctions02/SplitComponents.uexp" 592
"../../../Engine/Content/VREditor/SnapGrid/SnapGridMaterial.uasset" 593
"../../../Engine/Content/VREditor/SnapGrid/SnapGridMaterial.uexp" 594
"../../../Engine/Content/VREditor/SnapGrid/SnapGridPlaneMesh.ubulk" 595
"../../../Engine/Content/VREditor/SnapGrid/SnapGridPlaneMesh.uasset" 596
"../../../Engine/Content/VREditor/SnapGrid/SnapGridPlaneMesh.uexp" 597
"../../../Engine/Content/VREditor/Sounds/UI/Scaling_Up.ubulk" 598
"../../../Engine/Content/VREditor/Sounds/UI/Scaling_Up.uasset" 599
"../../../Engine/Content/VREditor/Sounds/UI/Scaling_Up.uexp" 600
"../../../Engine/Content/VREditor/TransformGizmo/TransformGizmoMaterial_Inst.uasset" 601
"../../../Engine/Content/VREditor/TransformGizmo/TransformGizmoMaterial_Inst.uexp" 602
"../../../Engine/Content/VREditor/Sounds/UI/Gizmo_Handle_Clicked.ubulk" 603
"../../../Engine/Content/VREditor/Sounds/UI/Gizmo_Handle_Clicked.uasset" 604
"../../../Engine/Content/VREditor/Sounds/UI/Gizmo_Handle_Clicked.uexp" 605
"../../../Engine/Content/VREditor/TransformGizmo/RotationHandleQuarter.ubulk" 606
"../../../Engine/Content/VREditor/TransformGizmo/RotationHandleQuarter.uasset" 607
"../../../Engine/Content/VREditor/TransformGizmo/RotationHandleQuarter.uexp" 608
"../../../Engine/Content/VREditor/TransformGizmo/TranslateArrowHandle.ubulk" 609
"../../../Engine/Content/VREditor/TransformGizmo/TranslateArrowHandle.uasset" 610
"../../../Engine/Content/VREditor/TransformGizmo/TranslateArrowHandle.uexp" 611
"../../../Engine/Content/VREditor/TransformGizmo/RotationHandleIndicator.ubulk" 612
"../../../Engine/Content/VREditor/TransformGizmo/RotationHandleIndicator.uasset" 613
"../../../Engine/Content/VREditor/TransformGizmo/RotationHandleIndicator.uexp" 614
"../../../Engine/Content/VREditor/TransformGizmo/UniformScaleHandle.ubulk" 615
"../../../Engine/Content/VREditor/TransformGizmo/UniformScaleHandle.uasset" 616
"../../../Engine/Content/VREditor/TransformGizmo/UniformScaleHandle.uexp" 617
"../../../Engine/Content/VREditor/TransformGizmo/RotationHandleFull.ubulk" 618
"../../../Engine/Content/VREditor/TransformGizmo/RotationHandleFull.uasset" 619
"../../../Engine/Content/VREditor/TransformGizmo/RotationHandleFull.uexp" 620
"../../../Engine/Content/VREditor/Sounds/UI/Object_PickUp.ubulk" 621
"../../../Engine/Content/VREditor/Sounds/UI/Object_PickUp.uasset" 622
"../../../Engine/Content/VREditor/Sounds/UI/Object_PickUp.uexp" 623
"../../../Engine/Content/MobileResources/HUD/VirtualJoystick_Background.uasset" 624
"../../../Engine/Content/MobileResources/HUD/VirtualJoystick_Background.uexp" 625
"../../../Engine/Content/MobileResources/HUD/VirtualJoystick_Thumb.uasset" 626
"../../../Engine/Content/MobileResources/HUD/VirtualJoystick_Thumb.uexp" 627
"../../../Engine/Content/MobileResources/HUD/DefaultVirtualJoysticks.uasset" 628
"../../../Engine/Content/MobileResources/HUD/DefaultVirtualJoysticks.uexp" 629
"../../../Engine/Content/Functions/Engine_MaterialFunctions01/Shading/PowerToRoughness.uasset" 630
"../../../Engine/Content/Functions/Engine_MaterialFunctions01/Shading/PowerToRoughness.uexp" 631
"../../../Engine/Content/Functions/Engine_MaterialFunctions01/Shading/ConvertFromDiffSpec.uasset" 632
"../../../Engine/Content/Functions/Engine_MaterialFunctions01/Shading/ConvertFromDiffSpec.uexp" 633
"../../../Engine/Content/EngineSky/VolumetricClouds/CloudWeatherTexture.uasset" 634
"../../../Engine/Content/EngineSky/VolumetricClouds/CloudWeatherTexture.uexp" 635
"../../../Engine/Content/Functions/Engine_MaterialFunctions02/Utility/MakeFloat2.uasset" 636
"../../../Engine/Content/Functions/Engine_MaterialFunctions02/Utility/MakeFloat2.uexp" 637
"../../../Engine/Content/EngineSky/VolumetricClouds/CloudGradientTexture.uasset" 638
"../../../Engine/Content/EngineSky/VolumetricClouds/CloudGradientTexture.uexp" 639
"../../../Engine/Content/EngineSky/VolumetricClouds/T_NoiseShape64.ubulk" 640
"../../../Engine/Content/EngineSky/VolumetricClouds/T_NoiseShape64.uasset" 641
"../../../Engine/Content/EngineSky/VolumetricClouds/T_NoiseShape64.uexp" 642
"../../../Engine/Content/EngineSky/VolumetricClouds/T_VolumeNoiseShape64.uasset" 643
"../../../Engine/Content/EngineSky/VolumetricClouds/T_VolumeNoiseShape64.uexp" 644
"../../../Engine/Content/EngineSky/VolumetricClouds/T_NoiseErosion.ubulk" 645
"../../../Engine/Content/EngineSky/VolumetricClouds/T_NoiseErosion.uasset" 646
"../../../Engine/Content/EngineSky/VolumetricClouds/T_NoiseErosion.uexp" 647
"../../../Engine/Content/EngineSky/VolumetricClouds/T_VolumeNoiseErosion32.uasset" 648
"../../../Engine/Content/EngineSky/VolumetricClouds/T_VolumeNoiseErosion32.uexp" 649
"../../../Engine/Content/EngineSky/VolumetricClouds/m_SimpleVolumetricCloud.uasset" 650
"../../../Engine/Content/EngineSky/VolumetricClouds/m_SimpleVolumetricCloud.uexp" 651
"../../../Engine/Content/EngineSky/VolumetricClouds/m_SimpleVolumetricCloud_Inst.uasset" 652
"../../../Engine/Content/EngineSky/VolumetricClouds/m_SimpleVolumetricCloud_Inst.uexp" 653
"../../../Engine/Content/EngineResources/FilmGrains/Marcie_Grain_v3_128_M2_000.uasset" 654
"../../../Engine/Content/EngineResources/FilmGrains/Marcie_Grain_v3_128_M2_000.uexp" 655
"../../../Engine/Content/EngineResources/WhiteSquareTexture.uasset" 656
"../../../Engine/Content/EngineResources/WhiteSquareTexture.uexp" 657
"../../../Engine/Content/EngineMaterials/Widget3DPassThrough.uasset" 658
"../../../Engine/Content/EngineMaterials/Widget3DPassThrough.uexp" 659
"../../../Engine/Content/EngineMaterials/Widget3DPassThrough_Translucent.uasset" 660
"../../../Engine/Content/EngineMaterials/Widget3DPassThrough_Translucent.uexp" 661
"../../../Engine/Content/EngineMaterials/Widget3DPassThrough_Translucent_OneSided.uasset" 662
"../../../Engine/Content/EngineMaterials/Widget3DPassThrough_Translucent_OneSided.uexp" 663
"../../../Engine/Content/EngineMaterials/Widget3DPassThrough_Opaque.uasset" 664
"../../../Engine/Content/EngineMaterials/Widget3DPassThrough_Opaque.uexp" 665
"../../../Engine/Content/EngineMaterials/Widget3DPassThrough_Opaque_OneSided.uasset" 666
"../../../Engine/Content/EngineMaterials/Widget3DPassThrough_Opaque_OneSided.uexp" 667
"../../../Engine/Content/EngineMaterials/Widget3DPassThrough_Masked_OneSided.uasset" 668
"../../../Engine/Content/EngineMaterials/Widget3DPassThrough_Masked_OneSided.uexp" 669
"../../../Engine/Content/EngineMaterials/Widget3DPassThrough_Masked.uasset" 670
"../../../Engine/Content/EngineMaterials/Widget3DPassThrough_Masked.uexp" 671
"../../../Engine/Content/EngineMaterials/STBlueNoise_vec2_128x128x64.uasset" 672
"../../../Engine/Content/EngineMaterials/STBlueNoise_vec2_128x128x64.uexp" 673
"../../../Engine/Content/EngineMaterials/STBlueNoise_scalar_128x128x64.uasset" 674
"../../../Engine/Content/EngineMaterials/STBlueNoise_scalar_128x128x64.uexp" 675
"../../../Engine/Content/EngineMaterials/RemoveSurfaceMaterial.uasset" 676
"../../../Engine/Content/EngineMaterials/RemoveSurfaceMaterial.uexp" 677
"../../../Engine/Content/EngineMaterials/DefaultCalibrationGrayscale.uasset" 678
"../../../Engine/Content/EngineMaterials/DefaultCalibrationGrayscale.uexp" 679
"../../../Engine/Content/EngineMaterials/PPM_DefaultCalibrationGrayscale.uasset" 680
"../../../Engine/Content/EngineMaterials/PPM_DefaultCalibrationGrayscale.uexp" 681
"../../../Engine/Content/EngineMaterials/DefaultCalibrationColor.uasset" 682
"../../../Engine/Content/EngineMaterials/DefaultCalibrationColor.uexp" 683
"../../../Engine/Content/EngineMaterials/PPM_DefaultCalibrationColor.uasset" 684
"../../../Engine/Content/EngineMaterials/PPM_DefaultCalibrationColor.uexp" 685
"../../../Engine/Content/EngineMaterials/PhAT_JointLimitMaterial.uasset" 686
"../../../Engine/Content/EngineMaterials/PhAT_JointLimitMaterial.uexp" 687
"../../../Engine/Content/EngineMaterials/NaniteHiddenSectionMaterial.uasset" 688
"../../../Engine/Content/EngineMaterials/NaniteHiddenSectionMaterial.uexp" 689
"../../../Engine/Content/EngineMaterials/InvalidLightmapSettings.ubulk" 690
"../../../Engine/Content/EngineMaterials/InvalidLightmapSettings.uasset" 691
"../../../Engine/Content/EngineMaterials/InvalidLightmapSettings.uexp" 692
"../../../Engine/Content/EngineMaterials/M_InvalidLightmapSettings.uasset" 693
"../../../Engine/Content/EngineMaterials/M_InvalidLightmapSettings.uexp" 694
"../../../Engine/Content/EngineMaterials/GizmoMaterial.uasset" 695
"../../../Engine/Content/EngineMaterials/GizmoMaterial.uexp" 696
"../../../Engine/Content/EngineMaterials/BaseFlattenEmissiveMap_VT.uasset" 697
"../../../Engine/Content/EngineMaterials/BaseFlattenEmissiveMap_VT.uexp" 698
"../../../Engine/Content/EngineMaterials/BaseFlattenGrayscaleMap_VT.uasset" 699
"../../../Engine/Content/EngineMaterials/BaseFlattenGrayscaleMap_VT.uexp" 700
"../../../Engine/Content/EngineMaterials/BaseFlattenLinearColor_VT.uasset" 701
"../../../Engine/Content/EngineMaterials/BaseFlattenLinearColor_VT.uexp" 702
"../../../Engine/Content/EngineMaterials/Black_1x1_EXR_Texture_VT.uasset" 703
"../../../Engine/Content/EngineMaterials/Black_1x1_EXR_Texture_VT.uexp" 704
"../../../Engine/Content/EngineMaterials/BaseFlattenDiffuseMap_VT.uasset" 705
"../../../Engine/Content/EngineMaterials/BaseFlattenDiffuseMap_VT.uexp" 706
"../../../Engine/Content/EngineMaterials/BaseFlattenNormalMap_VT.uasset" 707
"../../../Engine/Content/EngineMaterials/BaseFlattenNormalMap_VT.uexp" 708
"../../../Engine/Content/EngineMaterials/FlattenMaterial_WS_Normal_VT.uasset" 709
"../../../Engine/Content/EngineMaterials/FlattenMaterial_WS_Normal_VT.uexp" 710
"../../../Engine/Content/EngineMaterials/FlattenMaterial_VT.uasset" 711
"../../../Engine/Content/EngineMaterials/FlattenMaterial_VT.uexp" 712
"../../../Engine/Content/EngineMaterials/BaseFlattenNormalMap.uasset" 713
"../../../Engine/Content/EngineMaterials/BaseFlattenNormalMap.uexp" 714
"../../../Engine/Content/EngineMaterials/BaseFlattenGrayscaleMap.uasset" 715
"../../../Engine/Content/EngineMaterials/BaseFlattenGrayscaleMap.uexp" 716
"../../../Engine/Content/EngineMaterials/BaseFlattenDiffuseMap.uasset" 717
"../../../Engine/Content/EngineMaterials/BaseFlattenDiffuseMap.uexp" 718
"../../../Engine/Content/Functions/Engine_MaterialFunctions02/PivotPainter2/Black_1x1_EXR_Texture.uasset" 719
"../../../Engine/Content/Functions/Engine_MaterialFunctions02/PivotPainter2/Black_1x1_EXR_Texture.uexp" 720
"../../../Engine/Content/EngineMaterials/BaseFlattenEmissiveMap.uasset" 721
"../../../Engine/Content/EngineMaterials/BaseFlattenEmissiveMap.uexp" 722
"../../../Engine/Content/EngineMaterials/BaseFlattenLinearColor.uasset" 723
"../../../Engine/Content/EngineMaterials/BaseFlattenLinearColor.uexp" 724
"../../../Engine/Content/EngineMaterials/FlattenMaterial.uasset" 725
"../../../Engine/Content/EngineMaterials/FlattenMaterial.uexp" 726
"../../../Engine/Content/EngineMaterials/DefaultWhiteGrid_Low.uasset" 727
"../../../Engine/Content/EngineMaterials/DefaultWhiteGrid_Low.uexp" 728
"../../../Engine/Content/EngineMaterials/EmissiveMeshMaterial.uasset" 729
"../../../Engine/Content/EngineMaterials/EmissiveMeshMaterial.uexp" 730
"../../../Engine/Content/EngineFonts/RobotoDistanceField.uasset" 731
"../../../Engine/Content/EngineFonts/RobotoDistanceField.uexp" 732
"../../../Engine/Content/EngineMaterials/DefaultTextMaterialOpaque.uasset" 733
"../../../Engine/Content/EngineMaterials/DefaultTextMaterialOpaque.uexp" 734
"../../../Engine/Content/EngineMaterials/DefaultDiffuse.ubulk" 735
"../../../Engine/Content/EngineMaterials/DefaultDiffuse.uasset" 736
"../../../Engine/Content/EngineMaterials/DefaultDiffuse.uexp" 737
"../../../Engine/Content/Functions/Engine_MaterialFunctions02/Utility/BreakOutFloat2Components.uasset" 738
"../../../Engine/Content/Functions/Engine_MaterialFunctions02/Utility/BreakOutFloat2Components.uexp" 739
"../../../Engine/Content/EngineMaterials/DefaultPostProcessMaterial.uasset" 740
"../../../Engine/Content/EngineMaterials/DefaultPostProcessMaterial.uexp" 741
"../../../Engine/Content/EngineMaterials/DefaultPhysicalMaterial.uasset" 742
"../../../Engine/Content/EngineMaterials/DefaultPhysicalMaterial.uexp" 743
"../../../Engine/Content/EngineMaterials/DefaultLightFunctionMaterial.uasset" 744
"../../../Engine/Content/EngineMaterials/DefaultLightFunctionMaterial.uexp" 745
"../../../Engine/Content/EngineMaterials/DefaultDestructiblePhysicalMaterial.uasset" 746
"../../../Engine/Content/EngineMaterials/DefaultDestructiblePhysicalMaterial.uexp" 747
"../../../Engine/Content/EngineMaterials/DefaultDeferredDecalMaterial.uasset" 748
"../../../Engine/Content/EngineMaterials/DefaultDeferredDecalMaterial.uexp" 749
"../../../Engine/Content/EngineMaterials/DefaultBloomKernel.uasset" 750
"../../../Engine/Content/EngineMaterials/DefaultBloomKernel.uexp" 751
"../../../Engine/Content/EngineMaterials/Substrate/Volume/SubstrateSimpleVolumeLUT3D.uasset" 752
"../../../Engine/Content/EngineMaterials/Substrate/Volume/SubstrateSimpleVolumeLUT3D.uexp" 753
"../../../Engine/Content/EngineMaterials/Substrate/Volume/SubstrateSimpleVolumeEnvLUT3D.uasset" 754
"../../../Engine/Content/EngineMaterials/Substrate/Volume/SubstrateSimpleVolumeEnvLUT3D.uexp" 755
"../../../Engine/Content/EngineMaterials/Substrate/GLints2/AGlintTex2dArray2.uasset" 756
"../../../Engine/Content/EngineMaterials/Substrate/GLints2/AGlintTex2dArray2.uexp" 757
"../../../Engine/Content/EngineMaterials/Substrate/GLints/AGlintTex2dArray.uasset" 758
"../../../Engine/Content/EngineMaterials/Substrate/GLints/AGlintTex2dArray.uexp" 759
"../../../Engine/Content/EngineFonts/Faces/RobotoLight.uexp" 760
"../../../Engine/Content/EngineFonts/Faces/RobotoLight.uasset" 761
"../../../Engine/Content/EngineFonts/Faces/RobotoLight.ufont" 762
"../../../Engine/Content/EngineFonts/Faces/RobotoBold.uexp" 763
"../../../Engine/Content/EngineFonts/Faces/RobotoBold.uasset" 764
"../../../Engine/Content/EngineFonts/Faces/RobotoBold.ufont" 765
"../../../Engine/Content/EngineFonts/Faces/RobotoRegular.uexp" 766
"../../../Engine/Content/EngineFonts/Faces/RobotoRegular.uasset" 767
"../../../Engine/Content/EngineFonts/Faces/RobotoRegular.ufont" 768
"../../../Engine/Content/EngineFonts/Faces/DroidSansFallback.uexp" 769
"../../../Engine/Content/EngineFonts/Faces/DroidSansFallback.uasset" 770
"../../../Engine/Content/EngineFonts/Faces/DroidSansFallback.ufont" 771
"../../../Engine/Content/EngineFonts/Faces/RobotoItalic.uexp" 772
"../../../Engine/Content/EngineFonts/Faces/RobotoItalic.uasset" 773
"../../../Engine/Content/EngineFonts/Faces/RobotoItalic.ufont" 774
"../../../Engine/Content/EngineFonts/Faces/RobotoBoldItalic.uexp" 775
"../../../Engine/Content/EngineFonts/Faces/RobotoBoldItalic.uasset" 776
"../../../Engine/Content/EngineFonts/Faces/RobotoBoldItalic.ufont" 777
"../../../Engine/Content/EngineFonts/Roboto.uasset" 778
"../../../Engine/Content/EngineFonts/Roboto.uexp" 779
"../../../Engine/Content/EngineDebugMaterials/VolumeToRender.uasset" 780
"../../../Engine/Content/EngineDebugMaterials/VolumeToRender.uexp" 781
"../../../Engine/Content/EngineDebugMaterials/M_VolumeRenderSphereTracePP.uasset" 782
"../../../Engine/Content/EngineDebugMaterials/M_VolumeRenderSphereTracePP.uexp" 783
"../../../Engine/Content/EngineDebugMaterials/M_SimpleUnlitTranslucent.uasset" 784
"../../../Engine/Content/EngineDebugMaterials/M_SimpleUnlitTranslucent.uexp" 785
"../../../Engine/Content/EngineDebugMaterials/DebugMeshMaterial.uasset" 786
"../../../Engine/Content/EngineDebugMaterials/DebugMeshMaterial.uexp" 787
"../../../Engine/Content/EngineDebugMaterials/DebugEditorMaterial.uasset" 788
"../../../Engine/Content/EngineDebugMaterials/DebugEditorMaterial.uexp" 789
"../../../Engine/Content/EngineDamageTypes/DmgTypeBP_Environmental.uasset" 790
"../../../Engine/Content/EngineDamageTypes/DmgTypeBP_Environmental.uexp" 791
"../../../Engine/Content/EditorResources/S_Terrain.ubulk" 792
"../../../Engine/Content/EditorResources/S_Terrain.uasset" 793
"../../../Engine/Content/EditorResources/S_Terrain.uexp" 794
"../../../Engine/Content/EditorResources/EmptyActor.uasset" 795
"../../../Engine/Content/EditorResources/EmptyActor.uexp" 796
"../../../Engine/Content/EditorResources/BSPVertex.uasset" 797
"../../../Engine/Content/EditorResources/BSPVertex.uexp" 798
"../../../Engine/Content/EditorResources/SequenceRecorder/RecordingIndicator.uasset" 799
"../../../Engine/Content/EditorResources/SequenceRecorder/RecordingIndicator.uexp" 800
"../../../Engine/Content/EditorResources/SequenceRecorder/Countdown.uasset" 801
"../../../Engine/Content/EditorResources/SequenceRecorder/Countdown.uexp" 802
"../../../Engine/Content/EditorMaterials/PreviewShadowIndicator.ubulk" 803
"../../../Engine/Content/EditorMaterials/PreviewShadowIndicator.uasset" 804
"../../../Engine/Content/EditorMaterials/PreviewShadowIndicator.uexp" 805
"../../../Engine/Content/EditorMaterials/PreviewShadowIndicatorMaterial.uasset" 806
"../../../Engine/Content/EditorMaterials/PreviewShadowIndicatorMaterial.uexp" 807
"../../../Engine/Content/EditorMaterials/PhAT_UnselectedMaterial.uasset" 808
"../../../Engine/Content/EditorMaterials/PhAT_UnselectedMaterial.uexp" 809
"../../../Engine/Content/EditorMaterials/PhAT_NoCollisionMaterial.uasset" 810
"../../../Engine/Content/EditorMaterials/PhAT_NoCollisionMaterial.uexp" 811
"../../../Engine/Content/EditorMaterials/Dataflow/DataflowVertexMaterial.uasset" 812
"../../../Engine/Content/EditorMaterials/Dataflow/DataflowVertexMaterial.uexp" 813
"../../../Engine/Content/EditorLandscapeResources/DefaultAlphaTexture.uasset" 814
"../../../Engine/Content/EditorLandscapeResources/DefaultAlphaTexture.uexp" 815
"../../../Engine/Content/EditorLandscapeResources/DataLayer.uasset" 816
"../../../Engine/Content/EditorLandscapeResources/DataLayer.uexp" 817
"../../../Engine/Content/BasicShapes/Plane.ubulk" 818
"../../../Engine/Content/BasicShapes/Plane.uasset" 819
"../../../Engine/Content/BasicShapes/Plane.uexp" 820
"../../../Engine/Content/EngineMaterials/DefaultMaterial.uasset" 821
"../../../Engine/Content/EngineMaterials/DefaultMaterial.uexp" 822
"../../../Engine/Content/BasicShapes/Cone.ubulk" 823
"../../../Engine/Content/BasicShapes/Cone.uasset" 824
"../../../Engine/Content/BasicShapes/Cone.uexp" 825
"../../../Engine/Content/Animation/DefaultVariableFrameStrippingSettings.uasset" 826
"../../../Engine/Content/Animation/DefaultVariableFrameStrippingSettings.uexp" 827
"../../../Engine/Content/Animation/DefaultRecorderBoneCompression.uasset" 828
"../../../Engine/Content/Animation/DefaultRecorderBoneCompression.uexp" 829
"../../../Engine/Content/Maps/Entry_BuiltData.uasset" 830
"../../../Engine/Content/Maps/Entry_BuiltData.uexp" 831
"../../../Engine/Content/Maps/Entry.uexp" 832
"../../../Engine/Content/Maps/Entry.umap" 833
"../../../Engine/Content/BasicShapes/Cube.ubulk" 834
"../../../Engine/Content/BasicShapes/Cube.uasset" 835
"../../../Engine/Content/BasicShapes/Cube.uexp" 836
"E:/Unreal Engine/Projects/Arkanoid/Content/Arkanoid/Audio/Cosmic_Chill_Drift.ubulk" 837
"E:/Unreal Engine/Projects/Arkanoid/Content/Arkanoid/Audio/Cosmic_Chill_Drift.uasset" 838
"E:/Unreal Engine/Projects/Arkanoid/Content/Arkanoid/Audio/Cosmic_Chill_Drift.uexp" 839
"../../../Engine/Content/VREditor/Sounds/UI/Dockable_Window_Close.ubulk" 840
"../../../Engine/Content/VREditor/Sounds/UI/Dockable_Window_Close.uasset" 841
"../../../Engine/Content/VREditor/Sounds/UI/Dockable_Window_Close.uexp" 842
"../../../Engine/Content/EngineFonts/Faces/DroidSansMono.uexp" 843
"../../../Engine/Content/EngineFonts/Faces/DroidSansMono.uasset" 844
"../../../Engine/Content/EngineFonts/Faces/DroidSansMono.ufont" 845
"../../../Engine/Content/EngineFonts/DroidSansMono.uasset" 846
"../../../Engine/Content/EngineFonts/DroidSansMono.uexp" 847
"../../../Engine/Content/EngineSounds/1kSineTonePing.ubulk" 848
"../../../Engine/Content/EngineSounds/1kSineTonePing.uasset" 849
"../../../Engine/Content/EngineSounds/1kSineTonePing.uexp" 850
"../../../Engine/Content/VREditor/Sounds/UI/Dockable_Window_Drop.ubulk" 851
"../../../Engine/Content/VREditor/Sounds/UI/Dockable_Window_Drop.uasset" 852
"../../../Engine/Content/VREditor/Sounds/UI/Dockable_Window_Drop.uexp" 853
"../../../Engine/Content/EditorSounds/Notifications/CompileSuccess.ubulk" 854
"../../../Engine/Content/EditorSounds/Notifications/CompileSuccess.uasset" 855
"../../../Engine/Content/EditorSounds/Notifications/CompileSuccess.uexp" 856
"../../../Engine/Content/EditorSounds/Notifications/CompileStart_Cue.uasset" 857
"../../../Engine/Content/EditorSounds/Notifications/CompileStart_Cue.uexp" 858
"../../../Engine/Content/VREditor/Sounds/UI/Click_on_Button.ubulk" 859
"../../../Engine/Content/VREditor/Sounds/UI/Click_on_Button.uasset" 860
"../../../Engine/Content/VREditor/Sounds/UI/Click_on_Button.uexp" 861
"../../../Engine/Content/EditorSounds/Notifications/CompileSuccess_Cue.uasset" 862
"../../../Engine/Content/EditorSounds/Notifications/CompileSuccess_Cue.uexp" 863
"E:/Unreal Engine/Projects/Arkanoid/Content/Arkanoid/Widgets/WBP_Menu.uasset" 864
"E:/Unreal Engine/Projects/Arkanoid/Content/Arkanoid/Widgets/WBP_Menu.uexp" 865
"../../../Engine/Content/VREditor/BasicMeshes/T_CleanFloorGrunge_01_D.ubulk" 866
"../../../Engine/Content/VREditor/BasicMeshes/T_CleanFloorGrunge_01_D.uasset" 867
"../../../Engine/Content/VREditor/BasicMeshes/T_CleanFloorGrunge_01_D.uexp" 868
"../../../Engine/Content/VREditor/BasicMeshes/M_Floor_01.uasset" 869
"../../../Engine/Content/VREditor/BasicMeshes/M_Floor_01.uexp" 870
"../../../Engine/Content/VREditor/BasicMeshes/MI_Cube_02.uasset" 871
"../../../Engine/Content/VREditor/BasicMeshes/MI_Cube_02.uexp" 872
"../../../Engine/Content/VREditor/Sounds/UI/Teleport_Committed.ubulk" 873
"../../../Engine/Content/VREditor/Sounds/UI/Teleport_Committed.uasset" 874
"../../../Engine/Content/VREditor/Sounds/UI/Teleport_Committed.uexp" 875
"E:/Unreal Engine/Projects/Arkanoid/Content/Basic_VFX/Materials/M_sphere.uasset" 876
"E:/Unreal Engine/Projects/Arkanoid/Content/Basic_VFX/Materials/M_sphere.uexp" 877
"../../../Engine/Content/Functions/Engine_MaterialFunctions01/Density/ExponentialDensity.uasset" 878
"../../../Engine/Content/Functions/Engine_MaterialFunctions01/Density/ExponentialDensity.uexp" 879
"E:/Unreal Engine/Projects/Arkanoid/Content/Basic_VFX/Texture/T_energy_nose.uasset" 880
"E:/Unreal Engine/Projects/Arkanoid/Content/Basic_VFX/Texture/T_energy_nose.uexp" 881
"../../../Engine/Content/Functions/Engine_MaterialFunctions01/Gradient/RadialGradientExponential.uasset" 882
"../../../Engine/Content/Functions/Engine_MaterialFunctions01/Gradient/RadialGradientExponential.uexp" 883
"E:/Unreal Engine/Projects/Arkanoid/Content/Basic_VFX/Materials/M_energy.uasset" 884
"E:/Unreal Engine/Projects/Arkanoid/Content/Basic_VFX/Materials/M_energy.uexp" 885
"E:/Unreal Engine/Projects/Arkanoid/Content/Basic_VFX/Materials/M_Mesh.uasset" 886
"E:/Unreal Engine/Projects/Arkanoid/Content/Basic_VFX/Materials/M_Mesh.uexp" 887
"E:/Unreal Engine/Projects/Arkanoid/Content/Basic_VFX/Mesh/SM_SPhere.ubulk" 888
"E:/Unreal Engine/Projects/Arkanoid/Content/Basic_VFX/Mesh/SM_SPhere.uasset" 889
"E:/Unreal Engine/Projects/Arkanoid/Content/Basic_VFX/Mesh/SM_SPhere.uexp" 890
"E:/Unreal Engine/Projects/Arkanoid/Content/Basic_VFX/Niagara/NS_Basic_9.uasset" 891
"E:/Unreal Engine/Projects/Arkanoid/Content/Basic_VFX/Niagara/NS_Basic_9.uexp" 892
"E:/Unreal Engine/Projects/Arkanoid/Content/Arkanoid/Blueprints/World/BP_MenuBall.uasset" 893
"E:/Unreal Engine/Projects/Arkanoid/Content/Arkanoid/Blueprints/World/BP_MenuBall.uexp" 894
"../../../Engine/Content/VREditor/BasicMeshes/MI_Cube_03.uasset" 895
"../../../Engine/Content/VREditor/BasicMeshes/MI_Cube_03.uexp" 896
"E:/Unreal Engine/Projects/Arkanoid/Content/Arkanoid/Materials/MI_GlowBlue.uasset" 897
"E:/Unreal Engine/Projects/Arkanoid/Content/Arkanoid/Materials/MI_GlowBlue.uexp" 898
"E:/Unreal Engine/Projects/Arkanoid/Content/Arkanoid/Materials/MI_GlowRed.uasset" 899
"E:/Unreal Engine/Projects/Arkanoid/Content/Arkanoid/Materials/MI_GlowRed.uexp" 900
"../../../Engine/Content/BasicShapes/BasicShapeMaterial.uasset" 901
"../../../Engine/Content/BasicShapes/BasicShapeMaterial.uexp" 902
"../../../Engine/Content/BasicShapes/BasicShapeMaterial_Inst.uasset" 903
"../../../Engine/Content/BasicShapes/BasicShapeMaterial_Inst.uexp" 904
"E:/Unreal Engine/Projects/Arkanoid/Content/Arkanoid/Blueprints/World/BP_Ball.uasset" 905
"E:/Unreal Engine/Projects/Arkanoid/Content/Arkanoid/Blueprints/World/BP_Ball.uexp" 906
"E:/Unreal Engine/Projects/Arkanoid/Content/Arkanoid/Blueprints/World/BP_Spawner.uasset" 907
"E:/Unreal Engine/Projects/Arkanoid/Content/Arkanoid/Blueprints/World/BP_Spawner.uexp" 908
"E:/Unreal Engine/Projects/Arkanoid/Content/Arkanoid/Maps/Menu.uexp" 909
"E:/Unreal Engine/Projects/Arkanoid/Content/Arkanoid/Maps/Menu.umap" 910
"../../../Engine/Content/BasicShapes/Sphere.ubulk" 911
"../../../Engine/Content/BasicShapes/Sphere.uasset" 912
"../../../Engine/Content/BasicShapes/Sphere.uexp" 913
"E:/Unreal Engine/Projects/Arkanoid/Content/Arkanoid/Materials/MI_GlowLightBlue.uasset" 914
"E:/Unreal Engine/Projects/Arkanoid/Content/Arkanoid/Materials/MI_GlowLightBlue.uexp" 915
"E:/Unreal Engine/Projects/Arkanoid/Content/Arkanoid/Blueprints/Bonuses/BP_BonusBall.uasset" 916
"E:/Unreal Engine/Projects/Arkanoid/Content/Arkanoid/Blueprints/Bonuses/BP_BonusBall.uexp" 917
"../../../Engine/Content/MapTemplates/Materials/BasicAsset02.uasset" 918
"../../../Engine/Content/MapTemplates/Materials/BasicAsset02.uexp" 919
"E:/Unreal Engine/Projects/Arkanoid/Content/Arkanoid/Blueprints/Bonuses/BP_BallPower.uasset" 920
"E:/Unreal Engine/Projects/Arkanoid/Content/Arkanoid/Blueprints/Bonuses/BP_BallPower.uexp" 921
"../../../Engine/Content/VREditor/BasicMeshes/SM_Cube_03.ubulk" 922
"../../../Engine/Content/VREditor/BasicMeshes/SM_Cube_03.uasset" 923
"../../../Engine/Content/VREditor/BasicMeshes/SM_Cube_03.uexp" 924
"E:/Unreal Engine/Projects/Arkanoid/Content/Arkanoid/Blueprints/World/BP_Trap.uasset" 925
"E:/Unreal Engine/Projects/Arkanoid/Content/Arkanoid/Blueprints/World/BP_Trap.uexp" 926
"../../../Engine/Content/VREditor/BasicMeshes/MI_Cube_01.uasset" 927
"../../../Engine/Content/VREditor/BasicMeshes/MI_Cube_01.uexp" 928
"../../../Engine/Content/VREditor/BasicMeshes/SM_Cube_01.ubulk" 929
"../../../Engine/Content/VREditor/BasicMeshes/SM_Cube_01.uasset" 930
"../../../Engine/Content/VREditor/BasicMeshes/SM_Cube_01.uexp" 931
"E:/Unreal Engine/Projects/Arkanoid/Content/Arkanoid/Materials/MI_GlowGreen.uasset" 932
"E:/Unreal Engine/Projects/Arkanoid/Content/Arkanoid/Materials/MI_GlowGreen.uexp" 933
"E:/Unreal Engine/Projects/Arkanoid/Content/Arkanoid/Materials/MI_GlowPurple.uasset" 934
"E:/Unreal Engine/Projects/Arkanoid/Content/Arkanoid/Materials/MI_GlowPurple.uexp" 935
"E:/Unreal Engine/Projects/Arkanoid/Content/Arkanoid/Blueprints/Bonuses/BP_DestroyCubes.uasset" 936
"E:/Unreal Engine/Projects/Arkanoid/Content/Arkanoid/Blueprints/Bonuses/BP_DestroyCubes.uexp" 937
"E:/Unreal Engine/Projects/Arkanoid/Content/Arkanoid/Blueprints/World/BP_MyKillZone.uasset" 938
"E:/Unreal Engine/Projects/Arkanoid/Content/Arkanoid/Blueprints/World/BP_MyKillZone.uexp" 939
"E:/Unreal Engine/Projects/Arkanoid/Content/Arkanoid/Audio/Pixel_Wave.ubulk" 940
"E:/Unreal Engine/Projects/Arkanoid/Content/Arkanoid/Audio/Pixel_Wave.uasset" 941
"E:/Unreal Engine/Projects/Arkanoid/Content/Arkanoid/Audio/Pixel_Wave.uexp" 942
"E:/Unreal Engine/Projects/Arkanoid/Content/Arkanoid/Materials/MI_GlowPink.uasset" 943
"E:/Unreal Engine/Projects/Arkanoid/Content/Arkanoid/Materials/MI_GlowPink.uexp" 944
"E:/Unreal Engine/Projects/Arkanoid/Content/Arkanoid/Blueprints/Bonuses/BP_StickyBall.uasset" 945
"E:/Unreal Engine/Projects/Arkanoid/Content/Arkanoid/Blueprints/Bonuses/BP_StickyBall.uexp" 946
"E:/Unreal Engine/Projects/Arkanoid/Content/Arkanoid/Blueprints/Bonuses/BP_PaddleSize.uasset" 947
"E:/Unreal Engine/Projects/Arkanoid/Content/Arkanoid/Blueprints/Bonuses/BP_PaddleSize.uexp" 948
"E:/Unreal Engine/Projects/Arkanoid/Content/Arkanoid/Materials/MI_GlowYellow.uasset" 949
"E:/Unreal Engine/Projects/Arkanoid/Content/Arkanoid/Materials/MI_GlowYellow.uexp" 950
"E:/Unreal Engine/Projects/Arkanoid/Content/Arkanoid/Blueprints/Bonuses/BP_BallSpeed.uasset" 951
"E:/Unreal Engine/Projects/Arkanoid/Content/Arkanoid/Blueprints/Bonuses/BP_BallSpeed.uexp" 952
"../../../Engine/Content/VREditor/Sounds/VR_click1.ubulk" 953
"../../../Engine/Content/VREditor/Sounds/VR_click1.uasset" 954
"../../../Engine/Content/VREditor/Sounds/VR_click1.uexp" 955
"E:/Unreal Engine/Projects/Arkanoid/Content/Arkanoid/Blueprints/World/BP_Block.uasset" 956
"E:/Unreal Engine/Projects/Arkanoid/Content/Arkanoid/Blueprints/World/BP_Block.uexp" 957
"E:/Unreal Engine/Projects/Arkanoid/Content/Arkanoid/Blueprints/Bonuses/BP_BonusLife.uasset" 958
"E:/Unreal Engine/Projects/Arkanoid/Content/Arkanoid/Blueprints/Bonuses/BP_BonusLife.uexp" 959
"E:/Unreal Engine/Projects/Arkanoid/Content/Arkanoid/Blueprints/World/BP_PlayingBoard.uasset" 960
"E:/Unreal Engine/Projects/Arkanoid/Content/Arkanoid/Blueprints/World/BP_PlayingBoard.uexp" 961
"../../../Engine/Content/BasicShapes/Cylinder.ubulk" 962
"../../../Engine/Content/BasicShapes/Cylinder.uasset" 963
"../../../Engine/Content/BasicShapes/Cylinder.uexp" 964
"E:/Unreal Engine/Projects/Arkanoid/Content/Arkanoid/Input/Actions/IA_MoveLeftRight.uasset" 965
"E:/Unreal Engine/Projects/Arkanoid/Content/Arkanoid/Input/Actions/IA_MoveLeftRight.uexp" 966
"E:/Unreal Engine/Projects/Arkanoid/Content/Arkanoid/Input/Actions/IA_Exit.uasset" 967
"E:/Unreal Engine/Projects/Arkanoid/Content/Arkanoid/Input/Actions/IA_Exit.uexp" 968
"E:/Unreal Engine/Projects/Arkanoid/Content/Arkanoid/Input/Actions/IA_SpawnBall.uasset" 969
"E:/Unreal Engine/Projects/Arkanoid/Content/Arkanoid/Input/Actions/IA_SpawnBall.uexp" 970
"E:/Unreal Engine/Projects/Arkanoid/Content/Arkanoid/Materials/M_Base.uasset" 971
"E:/Unreal Engine/Projects/Arkanoid/Content/Arkanoid/Materials/M_Base.uexp" 972
"E:/Unreal Engine/Projects/Arkanoid/Content/Arkanoid/Materials/MI_Base_White.uasset" 973
"E:/Unreal Engine/Projects/Arkanoid/Content/Arkanoid/Materials/MI_Base_White.uexp" 974
"E:/Unreal Engine/Projects/Arkanoid/Content/Arkanoid/Input/IMC_Default.uasset" 975
"E:/Unreal Engine/Projects/Arkanoid/Content/Arkanoid/Input/IMC_Default.uexp" 976
"E:/Unreal Engine/Projects/Arkanoid/Content/Arkanoid/Blueprints/World/BP_Paddle.uasset" 977
"E:/Unreal Engine/Projects/Arkanoid/Content/Arkanoid/Blueprints/World/BP_Paddle.uexp" 978
"E:/Unreal Engine/Projects/Arkanoid/Content/Arkanoid/Audio/LoseSound.ubulk" 979
"E:/Unreal Engine/Projects/Arkanoid/Content/Arkanoid/Audio/LoseSound.uasset" 980
"E:/Unreal Engine/Projects/Arkanoid/Content/Arkanoid/Audio/LoseSound.uexp" 981
"E:/Unreal Engine/Projects/Arkanoid/Content/Arkanoid/Audio/WinSound.ubulk" 982
"E:/Unreal Engine/Projects/Arkanoid/Content/Arkanoid/Audio/WinSound.uasset" 983
"E:/Unreal Engine/Projects/Arkanoid/Content/Arkanoid/Audio/WinSound.uexp" 984
"../../../Engine/Content/VREditor/Sounds/UI/Click_on_Button_Cue.uasset" 985
"../../../Engine/Content/VREditor/Sounds/UI/Click_on_Button_Cue.uexp" 986
"E:/Unreal Engine/Projects/Arkanoid/Content/Arkanoid/Widgets/WBP_PauseWidget.uasset" 987
"E:/Unreal Engine/Projects/Arkanoid/Content/Arkanoid/Widgets/WBP_PauseWidget.uexp" 988
"E:/Unreal Engine/Projects/Arkanoid/Content/Arkanoid/Widgets/WBP_HUDWidget.uasset" 989
"E:/Unreal Engine/Projects/Arkanoid/Content/Arkanoid/Widgets/WBP_HUDWidget.uexp" 990
"E:/Unreal Engine/Projects/Arkanoid/Content/Arkanoid/Blueprints/Framework/BP_ArkanoidHUD.uasset" 991
"E:/Unreal Engine/Projects/Arkanoid/Content/Arkanoid/Blueprints/Framework/BP_ArkanoidHUD.uexp" 992
"E:/Unreal Engine/Projects/Arkanoid/Content/Arkanoid/Blueprints/Framework/BP_ArkanoidGameMode.uasset" 993
"E:/Unreal Engine/Projects/Arkanoid/Content/Arkanoid/Blueprints/Framework/BP_ArkanoidGameMode.uexp" 994
"E:/Unreal Engine/Projects/Arkanoid/Content/Arkanoid/Maps/Game/Level_4.uexp" 995
"E:/Unreal Engine/Projects/Arkanoid/Content/Arkanoid/Maps/Game/Level_4.umap" 996
"E:/Unreal Engine/Projects/Arkanoid/Content/Arkanoid/Maps/Game/Level_3.uexp" 997
"E:/Unreal Engine/Projects/Arkanoid/Content/Arkanoid/Maps/Game/Level_3.umap" 998
"E:/Unreal Engine/Projects/Arkanoid/Content/Arkanoid/Maps/Game/Level_2.uexp" 999
"E:/Unreal Engine/Projects/Arkanoid/Content/Arkanoid/Maps/Game/Level_2.umap" 1000
"E:/Unreal Engine/Projects/Arkanoid/Content/Arkanoid/Maps/Game/Level_1.uexp" 1001
"E:/Unreal Engine/Projects/Arkanoid/Content/Arkanoid/Maps/Game/Level_1.umap" 1002
